<html>
<body>
<pre>
<h1>µVision Build Log</h1>
<h2>Tool Versions:</h2>
IDE-Version: ¦ÌVision V5.36.0.0
Copyright (C) 2021 ARM Ltd and ARM Germany GmbH. All rights reserved.
License Information: 1 ¸¶½Ü, 2, LIC=NQQMA-1CGRX-CXEU6-DG2J6-Q36TK-HRMB9
 
Tool Versions:
Toolchain:       MDK-ARM Plus  Version: 5.36.0.0
Toolchain Path:  D:\Keil MDK\Keil_v5\ARM\ARMCLANG\Bin
C Compiler:      ArmClang.exe V6.16
Assembler:       Armasm.exe V6.16
Linker/Locator:  ArmLink.exe V6.16
Library Manager: ArmAr.exe V6.16
Hex Converter:   FromElf.exe V6.16
CPU DLL:         SARMCM3.DLL V5.36.0.0
Dialog DLL:      DCM.DLL V1.17.3.0
Target DLL:      STLink\ST-LINKIII-KEIL_SWO.dll V3.0.9.0
Dialog DLL:      TCM.DLL V1.53.0.0
 
<h2>Project:</h2>
F:\stm32 demo\Wearpatch\MDK-ARM\Wearpatch.uvprojx
Project File Date:  09/12/2024

<h2>Output:</h2>
*** Using Compiler 'V6.16', folder: 'D:\Keil MDK\Keil_v5\ARM\ARMCLANG\Bin'
Build target 'Wearpatch'
compiling main.c...
compiling p2p_server_app.c...
linking...
Program Size: Code=22712 RO-data=988 RW-data=2788 ZI-data=2020  
FromELF: creating hex file...
"Wearpatch\Wearpatch.axf" - 0 Error(s), 0 Warning(s).

<h2>Software Packages used:</h2>

Package Vendor: ARM
                http://www.keil.com/pack/ARM.CMSIS.5.8.0.pack
                ARM.CMSIS.5.8.0
                CMSIS (Common Microcontroller Software Interface Standard)
   * Component: CORE Version: 5.5.0

Package Vendor: Keil
                https://www.keil.com/pack/Keil.STM32WBxx_DFP.1.4.0.pack
                Keil.STM32WBxx_DFP.1.4.0
                STMicroelectronics STM32WB Series Device Support

<h2>Collection of Component include folders:</h2>
  .\RTE\_Wearpatch
  D:\Keil MDK\Keil_v5\Arm\Packs\ARM\CMSIS\5.8.0\CMSIS\Core\Include
  D:\Keil MDK\Keil_v5\Arm\Packs\Keil\STM32WBxx_DFP\1.4.0\Drivers\CMSIS\Device\ST\STM32WBxx\Include

<h2>Collection of Component Files used:</h2>

   * Component: ARM::CMSIS:CORE:5.5.0
      Include file:  CMSIS\Core\Include\tz_context.h
Build Time Elapsed:  00:00:01
</pre>
</body>
</html>
