Component: ARM Compiler 6.16 Tool: armlink [5dfeaa00]

==============================================================================

Section Cross References

    startup_stm32wb55xx_cm4.o(RESET) refers to startup_stm32wb55xx_cm4.o(STACK) for __initial_sp
    startup_stm32wb55xx_cm4.o(RESET) refers to startup_stm32wb55xx_cm4.o(.text) for Reset_Handler
    startup_stm32wb55xx_cm4.o(RESET) refers to stm32wbxx_it.o(.text.NMI_Handler) for NMI_Handler
    startup_stm32wb55xx_cm4.o(RESET) refers to stm32wbxx_it.o(.text.HardFault_Handler) for HardFault_Handler
    startup_stm32wb55xx_cm4.o(RESET) refers to stm32wbxx_it.o(.text.MemManage_Handler) for MemManage_Handler
    startup_stm32wb55xx_cm4.o(RESET) refers to stm32wbxx_it.o(.text.BusFault_Handler) for BusFault_Handler
    startup_stm32wb55xx_cm4.o(RESET) refers to stm32wbxx_it.o(.text.UsageFault_Handler) for UsageFault_Handler
    startup_stm32wb55xx_cm4.o(RESET) refers to stm32wbxx_it.o(.text.SVC_Handler) for SVC_Handler
    startup_stm32wb55xx_cm4.o(RESET) refers to stm32wbxx_it.o(.text.DebugMon_Handler) for DebugMon_Handler
    startup_stm32wb55xx_cm4.o(RESET) refers to stm32wbxx_it.o(.text.PendSV_Handler) for PendSV_Handler
    startup_stm32wb55xx_cm4.o(RESET) refers to stm32wbxx_it.o(.text.SysTick_Handler) for SysTick_Handler
    startup_stm32wb55xx_cm4.o(RESET) refers to stm32wbxx_it.o(.text.RTC_WKUP_IRQHandler) for RTC_WKUP_IRQHandler
    startup_stm32wb55xx_cm4.o(RESET) refers to stm32wbxx_it.o(.text.DMA1_Channel1_IRQHandler) for DMA1_Channel1_IRQHandler
    startup_stm32wb55xx_cm4.o(RESET) refers to stm32wbxx_it.o(.text.ADC1_IRQHandler) for ADC1_IRQHandler
    startup_stm32wb55xx_cm4.o(RESET) refers to stm32wbxx_it.o(.text.EXTI9_5_IRQHandler) for EXTI9_5_IRQHandler
    startup_stm32wb55xx_cm4.o(RESET) refers to stm32wbxx_it.o(.text.SPI1_IRQHandler) for SPI1_IRQHandler
    startup_stm32wb55xx_cm4.o(RESET) refers to stm32wbxx_it.o(.text.IPCC_C1_RX_IRQHandler) for IPCC_C1_RX_IRQHandler
    startup_stm32wb55xx_cm4.o(RESET) refers to stm32wbxx_it.o(.text.IPCC_C1_TX_IRQHandler) for IPCC_C1_TX_IRQHandler
    startup_stm32wb55xx_cm4.o(RESET) refers to stm32wbxx_it.o(.text.HSEM_IRQHandler) for HSEM_IRQHandler
    startup_stm32wb55xx_cm4.o(.text) refers to system_stm32wbxx.o(.text.SystemInit) for SystemInit
    startup_stm32wb55xx_cm4.o(.text) refers to entry.o(.ARM.Collect$$$$00000000) for __main
    main.o(.text.main) refers to stm32wbxx_hal.o(.text.HAL_Init) for HAL_Init
    main.o(.text.main) refers to app_entry.o(.text.MX_APPE_Config) for MX_APPE_Config
    main.o(.text.main) refers to main.o(.text.SystemClock_Config) for SystemClock_Config
    main.o(.text.main) refers to main.o(.text.PeriphCommonClock_Config) for PeriphCommonClock_Config
    main.o(.text.main) refers to ipcc.o(.text.MX_IPCC_Init) for MX_IPCC_Init
    main.o(.text.main) refers to gpio.o(.text.MX_GPIO_Init) for MX_GPIO_Init
    main.o(.text.main) refers to dma.o(.text.MX_DMA_Init) for MX_DMA_Init
    main.o(.text.main) refers to rtc.o(.text.MX_RTC_Init) for MX_RTC_Init
    main.o(.text.main) refers to spi.o(.text.MX_SPI1_Init) for MX_SPI1_Init
    main.o(.text.main) refers to adc.o(.text.MX_ADC1_Init) for MX_ADC1_Init
    main.o(.text.main) refers to rf.o(.text.MX_RF_Init) for MX_RF_Init
    main.o(.text.main) refers to app_entry.o(.text.MX_APPE_Init) for MX_APPE_Init
    main.o(.text.main) refers to app_entry.o(.text.MX_APPE_Process) for MX_APPE_Process
    main.o(.ARM.exidx.text.main) refers to main.o(.text.main) for [Anonymous Symbol]
    main.o(.text.SystemClock_Config) refers to memseta.o(.text) for __aeabi_memclr4
    main.o(.text.SystemClock_Config) refers to stm32wbxx_hal_pwr.o(.text.HAL_PWR_EnableBkUpAccess) for HAL_PWR_EnableBkUpAccess
    main.o(.text.SystemClock_Config) refers to main.o(.text.LL_RCC_LSE_SetDriveCapability) for LL_RCC_LSE_SetDriveCapability
    main.o(.text.SystemClock_Config) refers to stm32wbxx_hal_rcc.o(.text.HAL_RCC_OscConfig) for HAL_RCC_OscConfig
    main.o(.text.SystemClock_Config) refers to stm32wbxx_hal_rcc.o(.text.HAL_RCC_ClockConfig) for HAL_RCC_ClockConfig
    main.o(.text.SystemClock_Config) refers to main.o(.text.Error_Handler) for Error_Handler
    main.o(.ARM.exidx.text.SystemClock_Config) refers to main.o(.text.SystemClock_Config) for [Anonymous Symbol]
    main.o(.text.PeriphCommonClock_Config) refers to memseta.o(.text) for __aeabi_memclr4
    main.o(.text.PeriphCommonClock_Config) refers to stm32wbxx_hal_rcc_ex.o(.text.HAL_RCCEx_PeriphCLKConfig) for HAL_RCCEx_PeriphCLKConfig
    main.o(.text.PeriphCommonClock_Config) refers to main.o(.text.Error_Handler) for Error_Handler
    main.o(.ARM.exidx.text.PeriphCommonClock_Config) refers to main.o(.text.PeriphCommonClock_Config) for [Anonymous Symbol]
    main.o(.ARM.exidx.text.LL_RCC_LSE_SetDriveCapability) refers to main.o(.text.LL_RCC_LSE_SetDriveCapability) for [Anonymous Symbol]
    main.o(.ARM.exidx.text.Error_Handler) refers to main.o(.text.Error_Handler) for [Anonymous Symbol]
[...]
    HW_IPCC_SYS_EvtNot                       0x08002555   Thumb Code    64  tl_mbox.o(.text.HW_IPCC_SYS_EvtNot)
    HW_IPCC_SYS_Init                         0x08002595   Thumb Code    10  hw_ipcc.o(.text.HW_IPCC_SYS_Init)
    HW_IPCC_SYS_SendCmd                      0x080025a1   Thumb Code    16  hw_ipcc.o(.text.HW_IPCC_SYS_SendCmd)
    HW_IPCC_TRACES_EvtNot                    0x080025c1   Thumb Code    56  tl_mbox.o(.text.HW_IPCC_TRACES_EvtNot)
    HW_IPCC_TRACES_Init                      0x080025f9   Thumb Code    10  hw_ipcc.o(.text.HW_IPCC_TRACES_Init)
    HW_IPCC_Tx_Handler                       0x08002605   Thumb Code    90  hw_ipcc.o(.text.HW_IPCC_Tx_Handler)
    HW_TS_Create                             0x08002661   Thumb Code    94  hw_timerserver.o(.text.HW_TS_Create)
    HW_TS_Init                               0x080026c1   Thumb Code   300  hw_timerserver.o(.text.HW_TS_Init)
    HW_TS_RTC_Int_AppNot                     0x080027ed   Thumb Code     6  hw_timerserver.o(.text.HW_TS_RTC_Int_AppNot)
    HW_TS_RTC_Wakeup_Handler                 0x080027f5   Thumb Code   214  hw_timerserver.o(.text.HW_TS_RTC_Wakeup_Handler)
    HW_TS_Start                              0x080028cd   Thumb Code   156  hw_timerserver.o(.text.HW_TS_Start)
    HW_TS_Stop                               0x08002969   Thumb Code   192  hw_timerserver.o(.text.HW_TS_Stop)
    HardFault_Handler                        0x08002a29   Thumb Code     2  stm32wbxx_it.o(.text.HardFault_Handler)
    IAS_Init                                 0x08002a2d   Thumb Code     2  svc_ctl.o(.text.IAS_Init)
    IPCC_C1_RX_IRQHandler                    0x08002a31   Thumb Code     8  stm32wbxx_it.o(.text.IPCC_C1_RX_IRQHandler)
    IPCC_C1_TX_IRQHandler                    0x08002a39   Thumb Code     8  stm32wbxx_it.o(.text.IPCC_C1_TX_IRQHandler)
    IPCC_Reset_Register                      0x08002a41   Thumb Code    16  stm32wbxx_hal_ipcc.o(.text.IPCC_Reset_Register)
    IPCC_SetDefaultCallbacks                 0x08002a51   Thumb Code    38  stm32wbxx_hal_ipcc.o(.text.IPCC_SetDefaultCallbacks)
    Init_Exti                                0x08002a79   Thumb Code     8  app_entry.o(.text.Init_Exti)
    LLS_Init                                 0x08002a91   Thumb Code     2  svc_ctl.o(.text.LLS_Init)
    LST_init_head                            0x080034e5   Thumb Code     6  stm_list.o(.text.LST_init_head)
    LST_insert_head                          0x080034ed   Thumb Code    28  stm_list.o(.text.LST_insert_head)
    LST_insert_tail                          0x08003509   Thumb Code    28  stm_list.o(.text.LST_insert_tail)
    LST_is_empty                             0x08003525   Thumb Code    26  stm_list.o(.text.LST_is_empty)
    LST_remove_head                          0x08003541   Thumb Code    28  stm_list.o(.text.LST_remove_head)
    LST_remove_node                          0x0800355d   Thumb Code    26  stm_list.o(.text.LST_remove_node)
    MESH_Init                                0x08003615   Thumb Code     2  svc_ctl.o(.text.MESH_Init)
    MOTENV_STM_Init                          0x08003619   Thumb Code     2  svc_ctl.o(.text.MOTENV_STM_Init)
    MX_ADC1_Init                             0x0800361d   Thumb Code   278  adc.o(.text.MX_ADC1_Init)
    MX_APPE_Config                           0x08003735   Thumb Code    22  app_entry.o(.text.MX_APPE_Config)
    MX_APPE_Init                             0x0800374d   Thumb Code    30  app_entry.o(.text.MX_APPE_Init)
    MX_APPE_Process                          0x0800376d   Thumb Code    12  app_entry.o(.text.MX_APPE_Process)
    MX_DMA_Init                              0x08003779   Thumb Code    32  dma.o(.text.MX_DMA_Init)
    MX_GPIO_Init                             0x08003799   Thumb Code   274  gpio.o(.text.MX_GPIO_Init)
    MX_IPCC_Init                             0x080038ad   Thumb Code    34  ipcc.o(.text.MX_IPCC_Init)
    MX_RF_Init                               0x080038d1   Thumb Code     2  rf.o(.text.MX_RF_Init)
    MX_RTC_Init                              0x080038d5   Thumb Code    76  rtc.o(.text.MX_RTC_Init)
    MX_SPI1_Init                             0x08003921   Thumb Code    78  spi.o(.text.MX_SPI1_Init)
    MemManage_Handler                        0x08003971   Thumb Code     2  stm32wbxx_it.o(.text.MemManage_Handler)
    NMI_Handler                              0x08003975   Thumb Code     2  stm32wbxx_it.o(.text.NMI_Handler)
    OTAS_STM_Init                            0x080039c9   Thumb Code     2  svc_ctl.o(.text.OTAS_STM_Init)
    OTP_Read                                 0x080039cd   Thumb Code    40  otp.o(.text.OTP_Read)
    Osal_MemCpy                              0x080039f5   Thumb Code    12  osal.o(.text.Osal_MemCpy)
    Osal_MemSet                              0x08003a01   Thumb Code    18  osal.o(.text.Osal_MemSet)
    P2PS_APP_Init                            0x08003a15   Thumb Code    48  p2p_server_app.o(.text.P2PS_APP_Init)
    P2PS_APP_Notification                    0x08003a45   Thumb Code    50  p2p_server_app.o(.text.P2PS_APP_Notification)
    P2PS_STM_App_Notification                0x08003a79   Thumb Code     2  p2p_server_app.o(.text.P2PS_STM_App_Notification)
    P2PS_STM_App_Update_Char                 0x08003a7d   Thumb Code    46  p2p_stm.o(.text.P2PS_STM_App_Update_Char)
    P2PS_STM_Init                            0x08003aad   Thumb Code   204  p2p_stm.o(.text.P2PS_STM_Init)
    PWR_EnterOffMode                         0x08003bb9   Thumb Code    28  stm32_lpm_if.o(.text.PWR_EnterOffMode)
    PWR_EnterSleepMode                       0x08003bd5   Thumb Code    14  stm32_lpm_if.o(.text.PWR_EnterSleepMode)
    PWR_EnterStopMode                        0x08003be5   Thumb Code    24  stm32_lpm_if.o(.text.PWR_EnterStopMode)
    PWR_ExitOffMode                          0x08003bfd   Thumb Code     8  stm32_lpm_if.o(.text.PWR_ExitOffMode)
    PWR_ExitSleepMode                        0x08003c05   Thumb Code     8  stm32_lpm_if.o(.text.PWR_ExitSleepMode)
    PWR_ExitStopMode                         0x08003c0d   Thumb Code    12  stm32_lpm_if.o(.text.PWR_ExitStopMode)
    PendSV_Handler                           0x08003c99   Thumb Code     2  stm32wbxx_it.o(.text.PendSV_Handler)
    PeriphCommonClock_Config                 0x08003c9d   Thumb Code    52  main.o(.text.PeriphCommonClock_Config)
    RTC_EnterInitMode                        0x08003f25   Thumb Code    52  stm32wbxx_hal_rtc.o(.text.RTC_EnterInitMode)
    RTC_WKUP_IRQHandler                      0x08003f59   Thumb Code     8  stm32wbxx_it.o(.text.RTC_WKUP_IRQHandler)
    SEQ_BitPosition                          0x08004105   Thumb Code    60  stm32_seq.o(.text.SEQ_BitPosition)
    SHCI_C2_BLE_Init                         0x08004141   Thumb Code    28  shci.o(.text.SHCI_C2_BLE_Init)
    SHCI_C2_Config                           0x0800415d   Thumb Code    26  shci.o(.text.SHCI_C2_Config)
    SHCI_C2_DEBUG_Init                       0x08004179   Thumb Code    28  shci.o(.text.SHCI_C2_DEBUG_Init)
    SHCI_GetWirelessFwInfo                   0x08004195   Thumb Code   160  shci.o(.text.SHCI_GetWirelessFwInfo)
    SPI1_IRQHandler                          0x08004235   Thumb Code    16  stm32wbxx_it.o(.text.SPI1_IRQHandler)
    SVCCTL_App_Notification                  0x08004259   Thumb Code   196  app_ble.o(.text.SVCCTL_App_Notification)
    SVCCTL_Init                              0x0800431d   Thumb Code    30  svc_ctl.o(.text.SVCCTL_Init)
    SVCCTL_InitCustomSvc                     0x0800433d   Thumb Code     2  svc_ctl.o(.text.SVCCTL_InitCustomSvc)
    SVCCTL_RegisterSvcHandler                0x08004341   Thumb Code    20  svc_ctl.o(.text.SVCCTL_RegisterSvcHandler)
    SVCCTL_SvcInit                           0x08004355   Thumb Code    76  svc_ctl.o(.text.SVCCTL_SvcInit)
    SVCCTL_UserEvtRx                         0x080043a1   Thumb Code    90  svc_ctl.o(.text.SVCCTL_UserEvtRx)
    SVC_Handler                              0x080043fd   Thumb Code     2  stm32wbxx_it.o(.text.SVC_Handler)
    SysTick_Handler                          0x080044d1   Thumb Code     8  stm32wbxx_it.o(.text.SysTick_Handler)
    SystemClock_Config                       0x080044d9   Thumb Code   164  main.o(.text.SystemClock_Config)
    SystemInit                               0x0800457d   Thumb Code   104  system_stm32wbxx.o(.text.SystemInit)
    TL_BLE_Init                              0x08004601   Thumb Code    78  tl_mbox.o(.text.TL_BLE_Init)
    TL_BLE_SendCmd                           0x08004651   Thumb Code    28  tl_mbox.o(.text.TL_BLE_SendCmd)
    TL_Enable                                0x0800466d   Thumb Code     8  tl_mbox.o(.text.TL_Enable)
    TL_Init                                  0x08004675   Thumb Code   116  tl_mbox.o(.text.TL_Init)
    TL_MM_EvtDone                            0x080046e9   Thumb Code    30  tl_mbox.o(.text.TL_MM_EvtDone)
    TL_MM_Init                               0x08004709   Thumb Code    74  tl_mbox.o(.text.TL_MM_Init)
    TL_SYS_Init                              0x08004755   Thumb Code    66  tl_mbox.o(.text.TL_SYS_Init)
    TL_SYS_SendCmd                           0x08004799   Thumb Code    28  tl_mbox.o(.text.TL_SYS_SendCmd)
    TL_TRACES_EvtReceived                    0x080047b5   Thumb Code     2  tl_mbox.o(.text.TL_TRACES_EvtReceived)
    TL_TRACES_Init                           0x080047b9   Thumb Code    34  tl_mbox.o(.text.TL_TRACES_Init)
    TPS_Init                                 0x080047dd   Thumb Code     2  svc_ctl.o(.text.TPS_Init)
    UTIL_LPM_EnterLowPower                   0x080048ed   Thumb Code   102  stm32_lpm.o(.text.UTIL_LPM_EnterLowPower)
    UTIL_LPM_GetMode                         0x08004955   Thumb Code    50  stm32_lpm.o(.text.UTIL_LPM_GetMode)
    UTIL_LPM_Init                            0x08004989   Thumb Code    24  stm32_lpm.o(.text.UTIL_LPM_Init)
    UTIL_LPM_SetOffMode                      0x080049a1   Thumb Code    44  stm32_lpm.o(.text.UTIL_LPM_SetOffMode)
    UTIL_LPM_SetStopMode                     0x080049cd   Thumb Code    44  stm32_lpm.o(.text.UTIL_LPM_SetStopMode)
    UTIL_SEQ_EvtIdle                         0x080049f9   Thumb Code    12  app_entry.o(.text.UTIL_SEQ_EvtIdle)
    UTIL_SEQ_Idle                            0x08004a05   Thumb Code     8  app_entry.o(.text.UTIL_SEQ_Idle)
    UTIL_SEQ_PauseTask                       0x08004a0d   Thumb Code    32  stm32_seq.o(.text.UTIL_SEQ_PauseTask)
    UTIL_SEQ_PostIdle                        0x08004a2d   Thumb Code     2  stm32_seq.o(.text.UTIL_SEQ_PostIdle)
    UTIL_SEQ_PreIdle                         0x08004a31   Thumb Code     2  stm32_seq.o(.text.UTIL_SEQ_PreIdle)
    UTIL_SEQ_RegTask                         0x08004a35   Thumb Code    36  stm32_seq.o(.text.UTIL_SEQ_RegTask)
    UTIL_SEQ_ResumeTask                      0x08004a59   Thumb Code    30  stm32_seq.o(.text.UTIL_SEQ_ResumeTask)
    UTIL_SEQ_Run                             0x08004a79   Thumb Code   356  stm32_seq.o(.text.UTIL_SEQ_Run)
    UTIL_SEQ_SetEvt                          0x08004bdd   Thumb Code    30  stm32_seq.o(.text.UTIL_SEQ_SetEvt)
    UTIL_SEQ_SetTask                         0x08004bfd   Thumb Code    52  stm32_seq.o(.text.UTIL_SEQ_SetTask)
    UTIL_SEQ_WaitEvt                         0x08004c31   Thumb Code   110  stm32_seq.o(.text.UTIL_SEQ_WaitEvt)
    UsageFault_Handler                       0x08004d2d   Thumb Code     2  stm32wbxx_it.o(.text.UsageFault_Handler)
    ZDD_STM_Init                             0x08004d31   Thumb Code     2  svc_ctl.o(.text.ZDD_STM_Init)
    aci_gap_configure_filter_accept_list     0x08004e11   Thumb Code    64  ble_gap_aci.o(.text.aci_gap_configure_filter_accept_list)
    aci_gap_init                             0x08004e51   Thumb Code   140  ble_gap_aci.o(.text.aci_gap_init)
    aci_gap_set_authentication_requirement   0x08004edd   Thumb Code   120  ble_gap_aci.o(.text.aci_gap_set_authentication_requirement)
    aci_gap_set_discoverable                 0x08004f55   Thumb Code   158  ble_gap_aci.o(.text.aci_gap_set_discoverable)
    aci_gap_set_io_capability                0x08004ff5   Thumb Code    74  ble_gap_aci.o(.text.aci_gap_set_io_capability)
    aci_gap_set_non_discoverable             0x08005041   Thumb Code    64  ble_gap_aci.o(.text.aci_gap_set_non_discoverable)
    aci_gap_update_adv_data                  0x08005081   Thumb Code    86  ble_gap_aci.o(.text.aci_gap_update_adv_data)
    aci_gatt_add_char                        0x080050d9   Thumb Code   220  ble_gatt_aci.o(.text.aci_gatt_add_char)
    aci_gatt_add_service                     0x080051b5   Thumb Code   188  ble_gatt_aci.o(.text.aci_gatt_add_service)
    aci_gatt_confirm_indication              0x08005271   Thumb Code    76  ble_gatt_aci.o(.text.aci_gatt_confirm_indication)
    aci_gatt_init                            0x080052bd   Thumb Code    64  ble_gatt_aci.o(.text.aci_gatt_init)
    aci_gatt_update_char_value               0x080052fd   Thumb Code   104  ble_gatt_aci.o(.text.aci_gatt_update_char_value)
    aci_hal_set_radio_activity_mask          0x08005365   Thumb Code    76  ble_hal_aci.o(.text.aci_hal_set_radio_activity_mask)
    aci_hal_set_tx_power_level               0x080053b1   Thumb Code    80  ble_hal_aci.o(.text.aci_hal_set_tx_power_level)
    aci_hal_write_config_data                0x08005401   Thumb Code    92  ble_hal_aci.o(.text.aci_hal_write_config_data)
    hci_cmd_resp_release                     0x080054c9   Thumb Code    10  app_ble.o(.text.hci_cmd_resp_release)
    hci_cmd_resp_wait                        0x080054d5   Thumb Code    10  app_ble.o(.text.hci_cmd_resp_wait)
    hci_init                                 0x080054e1   Thumb Code    40  hci_tl.o(.text.hci_init)
    hci_le_read_phy                          0x08005509   Thumb Code   116  ble_hci_le.o(.text.hci_le_read_phy)
    hci_le_set_default_phy                   0x0800557d   Thumb Code    84  ble_hci_le.o(.text.hci_le_set_default_phy)
    hci_notify_asynch_evt                    0x080055d1   Thumb Code    12  app_ble.o(.text.hci_notify_asynch_evt)
    hci_register_io_bus                      0x080055dd   Thumb Code    22  hci_tl_if.o(.text.hci_register_io_bus)
    hci_reset                                0x080055f5   Thumb Code    62  ble_hci_le.o(.text.hci_reset)
    hci_send_req                             0x08005635   Thumb Code   200  hci_tl.o(.text.hci_send_req)
    hci_user_evt_proc                        0x080056fd   Thumb Code   134  hci_tl.o(.text.hci_user_evt_proc)
    main                                     0x08005849   Thumb Code    54  main.o(.text.main)
    shci_cmd_resp_release                    0x08005881   Thumb Code    10  app_entry.o(.text.shci_cmd_resp_release)
    shci_cmd_resp_wait                       0x0800588d   Thumb Code    10  app_entry.o(.text.shci_cmd_resp_wait)
    shci_init                                0x08005899   Thumb Code    40  shci_tl.o(.text.shci_init)
    shci_notify_asynch_evt                   0x080058c1   Thumb Code    12  app_entry.o(.text.shci_notify_asynch_evt)
    shci_register_io_bus                     0x080058cd   Thumb Code    22  shci_tl_if.o(.text.shci_register_io_bus)
    shci_send                                0x080058e5   Thumb Code   108  shci_tl.o(.text.shci_send)
    shci_user_evt_proc                       0x08005951   Thumb Code   134  shci_tl.o(.text.shci_user_evt_proc)
    __scatterload_copy                       0x080059d7   Thumb Code    14  handlers.o(i.__scatterload_copy)
    __scatterload_null                       0x080059e5   Thumb Code     2  handlers.o(i.__scatterload_null)
    __scatterload_zeroinit                   0x080059e7   Thumb Code    14  handlers.o(i.__scatterload_zeroinit)
    AHBPrescTable                            0x08005a4c   Data          64  system_stm32wbxx.o(.rodata.AHBPrescTable)
    MSIRangeTable                            0x08005a8c   Data          64  system_stm32wbxx.o(.rodata.MSIRangeTable)
    SEQ_clz_table_4bit                       0x08005acc   Data          16  stm32_seq.o(.rodata.SEQ_clz_table_4bit)
    UTIL_PowerDriver                         0x08005adc   Data          24  stm32_lpm_if.o(.rodata.UTIL_PowerDriver)
    Region$$Table$$Base                      0x08005c64   Number         0  anon$$obj.o(Region$$Table)
    Region$$Table$$Limit                     0x08005c94   Number         0  anon$$obj.o(Region$$Table)
    SystemCoreClock                          0x20000018   Data           4  system_stm32wbxx.o(.data.SystemCoreClock)
    a_ManufData                              0x20000020   Data          14  app_ble.o(.data.a_ManufData)
    uwTickFreq                               0x2000002e   Data           1  stm32wbxx_hal.o(.data.uwTickFreq)
    uwTickPrio                               0x20000030   Data           4  stm32wbxx_hal.o(.data.uwTickPrio)
    UserEventFlow                            0x20000044   Data           1  hci_tl.o(BLE_DRIVER_CONTEXT)
    SVCCTL_EvtHandler                        0x2000004c   Data          32  svc_ctl.o(BLE_DRIVER_CONTEXT)
    SVCCTL_CltHandler                        0x2000006c   Data           1  svc_ctl.o(BLE_DRIVER_CONTEXT)
    SHCI_TL_UserEventFlow                    0x20000078   Data           1  shci_tl.o(SYSTEM_DRIVER_CONTEXT)
    HandleNotification                       0x2000012c   Data           4  app_ble.o(.bss.HandleNotification)
    hadc1                                    0x2000029c   Data         100  adc.o(.bss.hadc1)
    hdma_adc1                                0x20000320   Data          96  adc.o(.bss.hdma_adc1)
    hipcc                                    0x20000380   Data          60  ipcc.o(.bss.hipcc)
    hrtc                                     0x200003bc   Data          36  rtc.o(.bss.hrtc)
    hspi1                                    0x200003e0   Data         100  spi.o(.bss.hspi1)
    uwTick                                   0x20000464   Data           4  stm32wbxx_hal.o(.bss.uwTick)
    __initial_sp                             0x20000868   Data           0  startup_stm32wb55xx_cm4.o(STACK)



==============================================================================

Memory Map of the image

  Image Entry point : 0x0800013d

  Load Region LR_IROM1 (Base: 0x08000000, Size: 0x00006780, Max: 0x00080000, ABSOLUTE, COMPRESSED[0x00005d30])

    Execution Region ER_IROM1 (Exec base: 0x08000000, Load base: 0x08000000, Size: 0x00005c94, Max: 0x00080000, ABSOLUTE)

    Exec Addr    Load Addr    Size         Type   Attr      Idx    E Section Name        Object

    0x08000000   0x08000000   0x0000013c   Data   RO            3    RESET               startup_stm32wb55xx_cm4.o
    0x0800013c   0x0800013c   0x00000000   Code   RO         3380  * .ARM.Collect$$$$00000000  mc_w.l(entry.o)
    0x0800013c   0x0800013c   0x00000004   Code   RO         3654    .ARM.Collect$$$$00000001  mc_w.l(entry2.o)
    0x08000140   0x08000140   0x00000004   Code   RO         3657    .ARM.Collect$$$$00000004  mc_w.l(entry5.o)
    0x08000144   0x08000144   0x00000000   Code   RO         3659    .ARM.Collect$$$$00000008  mc_w.l(entry7b.o)
    0x08000144   0x08000144   0x00000000   Code   RO         3661    .ARM.Collect$$$$0000000A  mc_w.l(entry8b.o)
    0x08000144   0x08000144   0x00000008   Code   RO         3662    .ARM.Collect$$$$0000000B  mc_w.l(entry9a.o)
    0x0800014c   0x0800014c   0x00000000   Code   RO         3664    .ARM.Collect$$$$0000000D  mc_w.l(entry10a.o)
    0x0800014c   0x0800014c   0x00000000   Code   RO         3666    .ARM.Collect$$$$0000000F  mc_w.l(entry11a.o)
    0x0800014c   0x0800014c   0x00000004   Code   RO         3655    .ARM.Collect$$$$00002712  mc_w.l(entry2.o)
    0x08000150   0x08000150   0x00000024   Code   RO            4    .text               startup_stm32wb55xx_cm4.o
    0x08000174   0x08000174   0x00000024   Code   RO         3383    .text               mc_w.l(memcpya.o)
    0x08000198   0x08000198   0x00000024   Code   RO         3385    .text               mc_w.l(memseta.o)
    0x080001bc   0x080001bc   0x00000024   Code   RO         3697    .text               mc_w.l(init.o)
    0x080001e0   0x080001e0   0x0000003a   Code   RO         3717    .text               mc_w.l(__dczerorl.o)
    0x0800021a   0x0800021a   0x00000002   PAD
    0x0800021c   0x0800021c   0x00000010   Code   RO          361    .text.ADC1_IRQHandler  stm32wbxx_it.o
    0x0800022c   0x0800022c   0x0000003c   Code   RO          220    .text.APPD_EnableCPU2  app_debug.o
    0x08000268   0x08000268   0x00000054   Code   RO          199    .text.APPE_SysEvtReadyProcessing  app_entry.o
    0x080002bc   0x080002bc   0x00000002   Code   RO          195    .text.APPE_SysStatusNot  app_entry.o
    0x080002be   0x080002be   0x00000002   PAD
    0x080002c0   0x080002c0   0x00000022   Code   RO          197    .text.APPE_SysUserEvtRx  app_entry.o
    0x080002e2   0x080002e2   0x00000002   PAD
    0x080002e4   0x080002e4   0x000000e8   Code   RO          391    .text.APP_BLE_Init  app_ble.o
    0x080003cc   0x080003cc   0x00000020   Code   RO          397    .text.Adv_Cancel    app_ble.o
    0x080003ec   0x080003ec   0x0000000c   Code   RO          399    .text.Adv_Cancel_Req  app_ble.o
    0x080003f8   0x080003f8   0x000000bc   Code   RO          403    .text.Adv_Request   app_ble.o
    0x080004b4   0x080004b4   0x00000002   Code   RO         2965    .text.BAS_Init      svc_ctl.o
    0x080004b6   0x080004b6   0x00000002   PAD
    0x080004b8   0x080004b8   0x0000001c   Code   RO          417    .text.BLE_StatusNot  app_ble.o
    0x080004d4   0x080004d4   0x00000016   Code   RO          419    .text.BLE_UserEvtRx  app_ble.o
    0x080004ea   0x080004ea   0x00000002   PAD
    0x080004ec   0x080004ec   0x00000002   Code   RO         2967    .text.BLS_Init      svc_ctl.o
    0x080004ee   0x080004ee   0x00000002   PAD
    0x080004f0   0x080004f0   0x00000002   Code   RO         2997    .text.BVOPUS_STM_Init  svc_ctl.o
    0x080004f2   0x080004f2   0x00000002   PAD
    0x080004f4   0x080004f4   0x0000004a   Code   RO          421    .text.BleGetBdAddress  app_ble.o
    0x0800053e   0x0800053e   0x00000002   PAD
    0x08000540   0x08000540   0x00000114   Code   RO          395    .text.Ble_Hci_Gap_Gatt_Init  app_ble.o
    0x08000654   0x08000654   0x0000002a   Code   RO          393    .text.Ble_Tl_Init   app_ble.o
    0x0800067e   0x0800067e   0x00000002   PAD
    0x08000680   0x08000680   0x00000002   Code   RO          345    .text.BusFault_Handler  stm32wbxx_it.o
    0x08000682   0x08000682   0x00000002   PAD
    0x08000684   0x08000684   0x00000002   Code   RO         2969    .text.CRS_STM_Init  svc_ctl.o
    0x08000686   0x08000686   0x00000002   PAD
    0x08000688   0x08000688   0x00000044   Code   RO         2935    .text.Cmd_SetStatus  shci_tl.o
    0x080006cc   0x080006cc   0x00000016   Code   RO          147    .text.Config_HSE    app_entry.o
    0x080006e2   0x080006e2   0x00000002   PAD
    0x080006e4   0x080006e4   0x00000002   Code   RO         2971    .text.DIS_Init      svc_ctl.o
    0x080006e6   0x080006e6   0x00000002   PAD
    0x080006e8   0x080006e8   0x00000010   Code   RO          359    .text.DMA1_Channel1_IRQHandler  stm32wbxx_it.o
    0x080006f8   0x080006f8   0x0000004e   Code   RO         1328    .text.DMA_CalcDMAMUXChannelBaseAndMask  stm32wbxx_hal_dma.o
    0x08000746   0x08000746   0x00000002   PAD
    0x08000748   0x08000748   0x0000002a   Code   RO         1330    .text.DMA_CalcDMAMUXRequestGenBaseAndMask  stm32wbxx_hal_dma.o
    0x08000772   0x08000772   0x00000002   PAD
    0x08000774   0x08000774   0x00000002   Code   RO          351    .text.DebugMon_Handler  stm32wbxx_it.o
    0x08000776   0x08000776   0x00000002   PAD
    0x08000778   0x08000778   0x00000002   Code   RO         2973    .text.EDS_STM_Init  svc_ctl.o
    0x0800077a   0x0800077a   0x00000002   PAD
    0x0800077c   0x0800077c   0x0000000c   Code   RO          363    .text.EXTI9_5_IRQHandler  stm32wbxx_it.o
    0x08000788   0x08000788   0x00000044   Code   RO          298    .text.EnterLowPower  stm32_lpm_if.o
    0x080007cc   0x080007cc   0x0000000a   Code   RO           19    .text.Error_Handler  main.o
    0x080007d6   0x080007d6   0x00000002   PAD
    0x080007d8   0x080007d8   0x0000001e   Code   RO          306    .text.ExitLowPower  stm32_lpm_if.o
    0x080007f6   0x080007f6   0x00000002   PAD
    0x080007f8   0x080007f8   0x00000002   Code   RO          459    .text.Function_Init  p2p_server_app.o
    0x080007fa   0x080007fa   0x00000002   PAD
    0x080007fc   0x080007fc   0x00000002   Code   RO          736    .text.HAL_ADCEx_EndOfSamplingCallback  stm32wbxx_hal_adc_ex.o
    0x080007fe   0x080007fe   0x00000002   PAD
    0x08000800   0x08000800   0x00000002   Code   RO          728    .text.HAL_ADCEx_InjectedConvCpltCallback  stm32wbxx_hal_adc_ex.o
    0x08000802   0x08000802   0x00000002   PAD
    0x08000804   0x08000804   0x00000002   Code   RO          730    .text.HAL_ADCEx_InjectedQueueOverflowCallback  stm32wbxx_hal_adc_ex.o
    0x08000806   0x08000806   0x00000002   PAD
    0x08000808   0x08000808   0x00000002   Code   RO          732    .text.HAL_ADCEx_LevelOutOfWindow2Callback  stm32wbxx_hal_adc_ex.o
    0x0800080a   0x0800080a   0x00000002   PAD
    0x0800080c   0x0800080c   0x00000002   Code   RO          734    .text.HAL_ADCEx_LevelOutOfWindow3Callback  stm32wbxx_hal_adc_ex.o
    0x0800080e   0x0800080e   0x00000002   PAD
    0x08000810   0x08000810   0x0000030c   Code   RO          624    .text.HAL_ADC_ConfigChannel  stm32wbxx_hal_adc.o
    0x08000b1c   0x08000b1c   0x00000002   Code   RO          612    .text.HAL_ADC_ConvCpltCallback  stm32wbxx_hal_adc.o
    0x08000b1e   0x08000b1e   0x00000002   PAD
    0x08000b20   0x08000b20   0x00000002   Code   RO          620    .text.HAL_ADC_ErrorCallback  stm32wbxx_hal_adc.o
    0x08000b22   0x08000b22   0x00000002   PAD
    0x08000b24   0x08000b24   0x000001d6   Code   RO          610    .text.HAL_ADC_IRQHandler  stm32wbxx_hal_adc.o
    0x08000cfa   0x08000cfa   0x00000002   PAD
    0x08000cfc   0x08000cfc   0x00000196   Code   RO          552    .text.HAL_ADC_Init  stm32wbxx_hal_adc.o
    0x08000e92   0x08000e92   0x00000002   PAD
    0x08000e94   0x08000e94   0x00000002   Code   RO          616    .text.HAL_ADC_LevelOutOfWindowCallback  stm32wbxx_hal_adc.o
    0x08000e96   0x08000e96   0x00000002   PAD
    0x08000e98   0x08000e98   0x000000cc   Code   RO           43    .text.HAL_ADC_MspInit  adc.o
    0x08000f64   0x08000f64   0x00000070   Code   RO         1342    .text.HAL_DMA_Abort_IT  stm32wbxx_hal_dma.o
    0x08000fd4   0x08000fd4   0x000000aa   Code   RO         1346    .text.HAL_DMA_IRQHandler  stm32wbxx_hal_dma.o
    0x0800107e   0x0800107e   0x00000002   PAD
    0x08001080   0x08001080   0x000000da   Code   RO         1326    .text.HAL_DMA_Init  stm32wbxx_hal_dma.o
    0x0800115a   0x0800115a   0x00000002   PAD
    0x0800115c   0x0800115c   0x00000018   Code   RO          179    .text.HAL_GPIO_EXTI_Callback  app_entry.o
    0x08001174   0x08001174   0x0000001a   Code   RO         1284    .text.HAL_GPIO_EXTI_IRQHandler  stm32wbxx_hal_gpio.o
    0x0800118e   0x0800118e   0x00000002   PAD
    0x08001190   0x08001190   0x0000018e   Code   RO         1270    .text.HAL_GPIO_Init  stm32wbxx_hal_gpio.o
    0x0800131e   0x0800131e   0x00000002   PAD
    0x08001320   0x08001320   0x0000000c   Code   RO         1276    .text.HAL_GPIO_WritePin  stm32wbxx_hal_gpio.o
    0x0800132c   0x0800132c   0x0000000c   Code   RO         1712    .text.HAL_GetTick   stm32wbxx_hal.o
    0x08001338   0x08001338   0x0000000c   Code   RO         1714    .text.HAL_GetTickPrio  stm32wbxx_hal.o
    0x08001344   0x08001344   0x00000002   Code   RO         1316    .text.HAL_HSEM_FreeCallback  stm32wbxx_hal_hsem.o
    0x08001346   0x08001346   0x00000002   PAD
    0x08001348   0x08001348   0x0000001a   Code   RO         1314    .text.HAL_HSEM_IRQHandler  stm32wbxx_hal_hsem.o
    0x08001362   0x08001362   0x00000002   PAD
    0x08001364   0x08001364   0x00000040   Code   RO         1863    .text.HAL_IPCC_Init  stm32wbxx_hal_ipcc.o
    0x080013a4   0x080013a4   0x00000038   Code   RO           75    .text.HAL_IPCC_MspInit  ipcc.o
    0x080013dc   0x080013dc   0x00000002   Code   RO         1883    .text.HAL_IPCC_RxCallback  stm32wbxx_hal_ipcc.o
    0x080013de   0x080013de   0x00000002   PAD
    0x080013e0   0x080013e0   0x00000002   Code   RO         1881    .text.HAL_IPCC_TxCallback  stm32wbxx_hal_ipcc.o
    0x080013e2   0x080013e2   0x00000002   PAD
    0x080013e4   0x080013e4   0x0000001a   Code   RO         1710    .text.HAL_IncTick   stm32wbxx_hal.o
    0x080013fe   0x080013fe   0x00000002   PAD
    0x08001400   0x08001400   0x0000002e   Code   RO         1672    .text.HAL_Init      stm32wbxx_hal.o
    0x0800142e   0x0800142e   0x00000002   PAD
    0x08001430   0x08001430   0x00000052   Code   RO         1674    .text.HAL_InitTick  stm32wbxx_hal.o
    0x08001482   0x08001482   0x00000002   PAD
    0x08001484   0x08001484   0x00000018   Code   RO          380    .text.HAL_MspInit   stm32wbxx_hal_msp.o
    0x0800149c   0x0800149c   0x00000008   Code   RO         1644    .text.HAL_NVIC_ClearPendingIRQ  stm32wbxx_hal_cortex.o
    0x080014a4   0x080014a4   0x00000008   Code   RO         1616    .text.HAL_NVIC_DisableIRQ  stm32wbxx_hal_cortex.o
    0x080014ac   0x080014ac   0x00000008   Code   RO         1612    .text.HAL_NVIC_EnableIRQ  stm32wbxx_hal_cortex.o
    0x080014b4   0x080014b4   0x00000008   Code   RO         1636    .text.HAL_NVIC_SetPendingIRQ  stm32wbxx_hal_cortex.o
    0x080014bc   0x080014bc   0x0000001e   Code   RO         1604    .text.HAL_NVIC_SetPriority  stm32wbxx_hal_cortex.o
    0x080014da   0x080014da   0x00000002   PAD
    0x080014dc   0x080014dc   0x00000008   Code   RO         1600    .text.HAL_NVIC_SetPriorityGrouping  stm32wbxx_hal_cortex.o
    0x080014e4   0x080014e4   0x00000010   Code   RO         1436    .text.HAL_PWREx_GetVoltageRange  stm32wbxx_hal_pwr_ex.o
    0x080014f4   0x080014f4   0x00000012   Code   RO         1384    .text.HAL_PWR_EnableBkUpAccess  stm32wbxx_hal_pwr.o
    0x08001506   0x08001506   0x00000002   PAD
    0x08001508   0x08001508   0x000001e8   Code   RO          943    .text.HAL_RCCEx_PeriphCLKConfig  stm32wbxx_hal_rcc_ex.o
    0x080016f0   0x080016f0   0x000001e2   Code   RO          861    .text.HAL_RCC_ClockConfig  stm32wbxx_hal_rcc.o
    0x080018d2   0x080018d2   0x00000002   PAD
    0x080018d4   0x080018d4   0x00000022   Code   RO          811    .text.HAL_RCC_GetHCLKFreq  stm32wbxx_hal_rcc.o
    0x080018f6   0x080018f6   0x00000002   PAD
    0x080018f8   0x080018f8   0x0000009e   Code   RO          889    .text.HAL_RCC_GetSysClockFreq  stm32wbxx_hal_rcc.o
    0x08001996   0x08001996   0x00000002   PAD
    0x08001998   0x08001998   0x0000054a   Code   RO          801    .text.HAL_RCC_OscConfig  stm32wbxx_hal_rcc.o
    0x08001ee2   0x08001ee2   0x00000002   PAD
    0x08001ee4   0x08001ee4   0x000000d6   Code   RO         2001    .text.HAL_RTCEx_SetWakeUpTimer_IT  stm32wbxx_hal_rtc_ex.o
    0x08001fba   0x08001fba   0x00000002   PAD
    0x08001fbc   0x08001fbc   0x000000da   Code   RO         1905    .text.HAL_RTC_Init  stm32wbxx_hal_rtc.o
    0x08002096   0x08002096   0x00000002   PAD
    0x08002098   0x08002098   0x00000056   Code   RO          103    .text.HAL_RTC_MspInit  rtc.o
    0x080020ee   0x080020ee   0x00000002   PAD
    0x080020f0   0x080020f0   0x00000030   Code   RO         1911    .text.HAL_RTC_WaitForSynchro  stm32wbxx_hal_rtc.o
    0x08002120   0x08002120   0x00000012   Code   RO         1724    .text.HAL_ResumeTick  stm32wbxx_hal.o
    0x08002132   0x08002132   0x00000002   PAD
    0x08002134   0x08002134   0x00000002   Code   RO         2133    .text.HAL_SPI_ErrorCallback  stm32wbxx_hal_spi.o
    0x08002136   0x08002136   0x00000002   PAD
    0x08002138   0x08002138   0x00000106   Code   RO         2129    .text.HAL_SPI_IRQHandler  stm32wbxx_hal_spi.o
    0x0800223e   0x0800223e   0x00000002   PAD
    0x08002240   0x08002240   0x000000da   Code   RO         2045    .text.HAL_SPI_Init  stm32wbxx_hal_spi.o
    0x0800231a   0x0800231a   0x00000002   PAD
    0x0800231c   0x0800231c   0x0000007c   Code   RO          126    .text.HAL_SPI_MspInit  spi.o
    0x08002398   0x08002398   0x00000008   Code   RO         1624    .text.HAL_SYSTICK_Config  stm32wbxx_hal_cortex.o
    0x080023a0   0x080023a0   0x00000012   Code   RO         1722    .text.HAL_SuspendTick  stm32wbxx_hal.o
    0x080023b2   0x080023b2   0x00000002   PAD
    0x080023b4   0x080023b4   0x00000002   Code   RO         2975    .text.HIDS_Init     svc_ctl.o
    0x080023b6   0x080023b6   0x00000002   PAD
    0x080023b8   0x080023b8   0x00000002   Code   RO         2977    .text.HRS_Init      svc_ctl.o
    0x080023ba   0x080023ba   0x00000002   PAD
    0x080023bc   0x080023bc   0x00000008   Code   RO          371    .text.HSEM_IRQHandler  stm32wbxx_it.o
    0x080023c4   0x080023c4   0x00000002   Code   RO         2979    .text.HTS_Init      svc_ctl.o
    0x080023c6   0x080023c6   0x00000002   PAD
    0x080023c8   0x080023c8   0x00000010   Code   RO         2205    .text.HW_IPCC_BLE_AclDataAckNot  tl_mbox.o
    0x080023d8   0x080023d8   0x0000000e   Code   RO          489    .text.HW_IPCC_BLE_AclDataEvtHandler  hw_ipcc.o
    0x080023e6   0x080023e6   0x00000002   PAD
    0x080023e8   0x080023e8   0x0000000e   Code   RO          477    .text.HW_IPCC_BLE_EvtHandler  hw_ipcc.o
    0x080023f6   0x080023f6   0x00000002   PAD
    0x080023f8   0x080023f8   0x0000000a   Code   RO          509    .text.HW_IPCC_BLE_Init  hw_ipcc.o
    0x08002402   0x08002402   0x00000002   PAD
    0x08002404   0x08002404   0x00000040   Code   RO         2201    .text.HW_IPCC_BLE_RxEvtNot  tl_mbox.o
    0x08002444   0x08002444   0x0000000a   Code   RO          513    .text.HW_IPCC_BLE_SendCmd  hw_ipcc.o
    0x0800244e   0x0800244e   0x00000002   PAD
    0x08002450   0x08002450   0x00000018   Code   RO          491    .text.HW_IPCC_Enable  hw_ipcc.o
    0x08002468   0x08002468   0x0000001c   Code   RO          501    .text.HW_IPCC_Init  hw_ipcc.o
    0x08002484   0x08002484   0x0000001c   Code   RO          487    .text.HW_IPCC_MM_FreeBufHandler  hw_ipcc.o
    0x080024a0   0x080024a0   0x00000028   Code   RO          533    .text.HW_IPCC_MM_SendFreeBuf  hw_ipcc.o
    0x080024c8   0x080024c8   0x0000004a   Code   RO          471    .text.HW_IPCC_Rx_Handler  hw_ipcc.o
    0x08002512   0x08002512   0x00000002   PAD
    0x08002514   0x08002514   0x0000000e   Code   RO          485    .text.HW_IPCC_SYS_CmdEvtHandler  hw_ipcc.o
    0x08002522   0x08002522   0x00000002   PAD
    0x08002524   0x08002524   0x0000001e   Code   RO         2211    .text.HW_IPCC_SYS_CmdEvtNot  tl_mbox.o
    0x08002542   0x08002542   0x00000002   PAD
    0x08002544   0x08002544   0x0000000e   Code   RO          475    .text.HW_IPCC_SYS_EvtHandler  hw_ipcc.o
    0x08002552   0x08002552   0x00000002   PAD
    0x08002554   0x08002554   0x00000040   Code   RO         2213    .text.HW_IPCC_SYS_EvtNot  tl_mbox.o
    0x08002594   0x08002594   0x0000000a   Code   RO          525    .text.HW_IPCC_SYS_Init  hw_ipcc.o
    0x0800259e   0x0800259e   0x00000002   PAD
    0x080025a0   0x080025a0   0x00000010   Code   RO          527    .text.HW_IPCC_SYS_SendCmd  hw_ipcc.o
    0x080025b0   0x080025b0   0x0000000e   Code   RO          479    .text.HW_IPCC_TRACES_EvtHandler  hw_ipcc.o
    0x080025be   0x080025be   0x00000002   PAD
    0x080025c0   0x080025c0   0x00000038   Code   RO         2223    .text.HW_IPCC_TRACES_EvtNot  tl_mbox.o
    0x080025f8   0x080025f8   0x0000000a   Code   RO          535    .text.HW_IPCC_TRACES_Init  hw_ipcc.o
    0x08002602   0x08002602   0x00000002   PAD
    0x08002604   0x08002604   0x0000005a   Code   RO          481    .text.HW_IPCC_Tx_Handler  hw_ipcc.o
    0x0800265e   0x0800265e   0x00000002   PAD
    0x08002660   0x08002660   0x0000005e   Code   RO          251    .text.HW_TS_Create  hw_timerserver.o
    0x080026be   0x080026be   0x00000002   PAD
    0x080026c0   0x080026c0   0x0000012c   Code   RO          245    .text.HW_TS_Init    hw_timerserver.o
    0x080027ec   0x080027ec   0x00000006   Code   RO          241    .text.HW_TS_RTC_Int_AppNot  hw_timerserver.o
    0x080027f2   0x080027f2   0x00000002   PAD
    0x080027f4   0x080027f4   0x000000d6   Code   RO          233    .text.HW_TS_RTC_Wakeup_Handler  hw_timerserver.o
    0x080028ca   0x080028ca   0x00000002   PAD
    0x080028cc   0x080028cc   0x0000009c   Code   RO          237    .text.HW_TS_Start   hw_timerserver.o
    0x08002968   0x08002968   0x000000c0   Code   RO          239    .text.HW_TS_Stop    hw_timerserver.o
    0x08002a28   0x08002a28   0x00000002   Code   RO          341    .text.HardFault_Handler  stm32wbxx_it.o
    0x08002a2a   0x08002a2a   0x00000002   PAD
    0x08002a2c   0x08002a2c   0x00000002   Code   RO         2981    .text.IAS_Init      svc_ctl.o
    0x08002a2e   0x08002a2e   0x00000002   PAD
    0x08002a30   0x08002a30   0x00000008   Code   RO          367    .text.IPCC_C1_RX_IRQHandler  stm32wbxx_it.o
    0x08002a38   0x08002a38   0x00000008   Code   RO          369    .text.IPCC_C1_TX_IRQHandler  stm32wbxx_it.o
    0x08002a40   0x08002a40   0x00000010   Code   RO         1867    .text.IPCC_Reset_Register  stm32wbxx_hal_ipcc.o
    0x08002a50   0x08002a50   0x00000026   Code   RO         1869    .text.IPCC_SetDefaultCallbacks  stm32wbxx_hal_ipcc.o
    0x08002a76   0x08002a76   0x00000002   PAD
    0x08002a78   0x08002a78   0x00000008   Code   RO          159    .text.Init_Exti     app_entry.o
    0x08002a80   0x08002a80   0x00000010   Code   RO          183    .text.Init_Rtc      app_entry.o
    0x08002a90   0x08002a90   0x00000002   Code   RO         2983    .text.LLS_Init      svc_ctl.o
    0x08002a92   0x08002a92   0x00000002   PAD
    0x08002a94   0x08002a94   0x00000010   Code   RO          558    .text.LL_ADC_DisableDeepPowerDown  stm32wbxx_hal_adc.o
    0x08002aa4   0x08002aa4   0x00000014   Code   RO          562    .text.LL_ADC_EnableInternalRegulator  stm32wbxx_hal_adc.o
    0x08002ab8   0x08002ab8   0x00000010   Code   RO          638    .text.LL_ADC_GetCommonPathInternalCh  stm32wbxx_hal_adc.o
    0x08002ac8   0x08002ac8   0x0000000c   Code   RO          632    .text.LL_ADC_GetOffsetChannel  stm32wbxx_hal_adc.o
    0x08002ad4   0x08002ad4   0x00000008   Code   RO          570    .text.LL_ADC_INJ_IsConversionOngoing  stm32wbxx_hal_adc.o
    0x08002adc   0x08002adc   0x0000000e   Code   RO          614    .text.LL_ADC_INJ_IsTriggerSourceSWStart  stm32wbxx_hal_adc.o
    0x08002aea   0x08002aea   0x00000002   PAD
    0x08002aec   0x08002aec   0x00000008   Code   RO          556    .text.LL_ADC_IsDeepPowerDownEnabled  stm32wbxx_hal_adc.o
    0x08002af4   0x08002af4   0x00000008   Code   RO          566    .text.LL_ADC_IsEnabled  stm32wbxx_hal_adc.o
    0x08002afc   0x08002afc   0x00000008   Code   RO          560    .text.LL_ADC_IsInternalRegulatorEnabled  stm32wbxx_hal_adc.o
    0x08002b04   0x08002b04   0x00000008   Code   RO          618    .text.LL_ADC_REG_GetDMATransfer  stm32wbxx_hal_adc.o
    0x08002b0c   0x08002b0c   0x00000008   Code   RO          564    .text.LL_ADC_REG_IsConversionOngoing  stm32wbxx_hal_adc.o
    0x08002b14   0x08002b14   0x0000000e   Code   RO          590    .text.LL_ADC_REG_IsTriggerSourceSWStart  stm32wbxx_hal_adc.o
    0x08002b22   0x08002b22   0x00000002   PAD
    0x08002b24   0x08002b24   0x00000026   Code   RO          626    .text.LL_ADC_REG_SetSequencerRanks  stm32wbxx_hal_adc.o
    0x08002b4a   0x08002b4a   0x00000002   PAD
    0x08002b4c   0x08002b4c   0x00000022   Code   RO          628    .text.LL_ADC_SetChannelSamplingTime  stm32wbxx_hal_adc.o
    0x08002b6e   0x08002b6e   0x00000002   PAD
    0x08002b70   0x08002b70   0x0000002a   Code   RO          636    .text.LL_ADC_SetChannelSingleDiff  stm32wbxx_hal_adc.o
    0x08002b9a   0x08002b9a   0x00000002   PAD
    0x08002b9c   0x08002b9c   0x00000014   Code   RO          568    .text.LL_ADC_SetCommonClock  stm32wbxx_hal_adc.o
    0x08002bb0   0x08002bb0   0x00000014   Code   RO          640    .text.LL_ADC_SetCommonPathInternalCh  stm32wbxx_hal_adc.o
    0x08002bc4   0x08002bc4   0x00000024   Code   RO          630    .text.LL_ADC_SetOffset  stm32wbxx_hal_adc.o
    0x08002be8   0x08002be8   0x0000000e   Code   RO          634    .text.LL_ADC_SetOffsetState  stm32wbxx_hal_adc.o
    0x08002bf6   0x08002bf6   0x00000002   PAD
    0x08002bf8   0x08002bf8   0x0000001a   Code   RO           63    .text.LL_AHB1_GRP1_EnableClock  dma.o
    0x08002c12   0x08002c12   0x00000002   PAD
    0x08002c14   0x08002c14   0x0000001a   Code   RO           31    .text.LL_AHB2_GRP1_EnableClock  gpio.o
    0x08002c2e   0x08002c2e   0x00000002   PAD
    0x08002c30   0x08002c30   0x0000001a   Code   RO           45    .text.LL_AHB2_GRP1_EnableClock  adc.o
    0x08002c4a   0x08002c4a   0x00000002   PAD
    0x08002c4c   0x08002c4c   0x0000001a   Code   RO          130    .text.LL_AHB2_GRP1_EnableClock  spi.o
    0x08002c66   0x08002c66   0x00000002   PAD
    0x08002c68   0x08002c68   0x0000001e   Code   RO           77    .text.LL_AHB3_GRP1_EnableClock  ipcc.o
    0x08002c86   0x08002c86   0x00000002   PAD
    0x08002c88   0x08002c88   0x0000001e   Code   RO          382    .text.LL_AHB3_GRP1_EnableClock  stm32wbxx_hal_msp.o
    0x08002ca6   0x08002ca6   0x00000002   PAD
    0x08002ca8   0x08002ca8   0x0000001e   Code   RO          503    .text.LL_AHB3_GRP1_EnableClock  hw_ipcc.o
    0x08002cc6   0x08002cc6   0x00000002   PAD
    0x08002cc8   0x08002cc8   0x0000001e   Code   RO          107    .text.LL_APB1_GRP1_EnableClock  rtc.o
    0x08002ce6   0x08002ce6   0x00000002   PAD
    0x08002ce8   0x08002ce8   0x0000001e   Code   RO          128    .text.LL_APB2_GRP1_EnableClock  spi.o
    0x08002d06   0x08002d06   0x00000002   PAD
    0x08002d08   0x08002d08   0x0000000c   Code   RO          539    .text.LL_C1_IPCC_ClearFlag_CHx  hw_ipcc.o
    0x08002d14   0x08002d14   0x00000012   Code   RO          541    .text.LL_C1_IPCC_DisableTransmitChannel  hw_ipcc.o
    0x08002d26   0x08002d26   0x00000002   PAD
    0x08002d28   0x08002d28   0x00000012   Code   RO          505    .text.LL_C1_IPCC_EnableIT_RXO  hw_ipcc.o
    0x08002d3a   0x08002d3a   0x00000002   PAD
    0x08002d3c   0x08002d3c   0x00000012   Code   RO          507    .text.LL_C1_IPCC_EnableIT_TXF  hw_ipcc.o
    0x08002d4e   0x08002d4e   0x00000002   PAD
    0x08002d50   0x08002d50   0x00000012   Code   RO          511    .text.LL_C1_IPCC_EnableReceiveChannel  hw_ipcc.o
    0x08002d62   0x08002d62   0x00000002   PAD
    0x08002d64   0x08002d64   0x00000012   Code   RO          519    .text.LL_C1_IPCC_EnableTransmitChannel  hw_ipcc.o
    0x08002d76   0x08002d76   0x00000002   PAD
    0x08002d78   0x08002d78   0x00000016   Code   RO          483    .text.LL_C1_IPCC_IsActiveFlag_CHx  hw_ipcc.o
    0x08002d8e   0x08002d8e   0x00000002   PAD
    0x08002d90   0x08002d90   0x0000000e   Code   RO          515    .text.LL_C1_IPCC_SetFlag_CHx  hw_ipcc.o
    0x08002d9e   0x08002d9e   0x00000002   PAD
    0x08002da0   0x08002da0   0x00000020   Code   RO          493    .text.LL_C2_AHB3_GRP1_EnableClock  hw_ipcc.o
    0x08002dc0   0x08002dc0   0x00000012   Code   RO          497    .text.LL_C2_EXTI_EnableEvent_32_63  hw_ipcc.o
    0x08002dd2   0x08002dd2   0x00000002   PAD
    0x08002dd4   0x08002dd4   0x00000016   Code   RO          473    .text.LL_C2_IPCC_IsActiveFlag_CHx  hw_ipcc.o
    0x08002dea   0x08002dea   0x00000002   PAD
    0x08002dec   0x08002dec   0x00000014   Code   RO          193    .text.LL_C2_PWR_SetPowerMode  app_entry.o
    0x08002e00   0x08002e00   0x00000014   Code   RO          867    .text.LL_C2_RCC_SetAHBPrescaler  stm32wbxx_hal_rcc.o
    0x08002e14   0x08002e14   0x00000010   Code   RO          203    .text.LL_DBGMCU_GetDeviceID  app_entry.o
    0x08002e24   0x08002e24   0x0000000e   Code   RO          201    .text.LL_DBGMCU_GetRevisionID  app_entry.o
    0x08002e32   0x08002e32   0x00000002   PAD
    0x08002e34   0x08002e34   0x00000012   Code   RO          249    .text.LL_EXTI_EnableIT_0_31  hw_timerserver.o
    0x08002e46   0x08002e46   0x00000002   PAD
    0x08002e48   0x08002e48   0x00000012   Code   RO          161    .text.LL_EXTI_EnableIT_32_63  app_entry.o
    0x08002e5a   0x08002e5a   0x00000002   PAD
    0x08002e5c   0x08002e5c   0x00000012   Code   RO          247    .text.LL_EXTI_EnableRisingTrig_0_31  hw_timerserver.o
    0x08002e6e   0x08002e6e   0x00000002   PAD
    0x08002e70   0x08002e70   0x00000012   Code   RO          495    .text.LL_EXTI_EnableRisingTrig_32_63  hw_ipcc.o
    0x08002e82   0x08002e82   0x00000002   PAD
    0x08002e84   0x08002e84   0x0000000c   Code   RO          427    .text.LL_FLASH_GetDeviceID  app_ble.o
    0x08002e90   0x08002e90   0x0000000e   Code   RO          425    .text.LL_FLASH_GetSTCompanyID  app_ble.o
    0x08002e9e   0x08002e9e   0x00000002   PAD
    0x08002ea0   0x08002ea0   0x0000000c   Code   RO          423    .text.LL_FLASH_GetUDN  app_ble.o
    0x08002eac   0x08002eac   0x0000001c   Code   RO          310    .text.LL_HSEM_1StepLock  stm32_lpm_if.o
    0x08002ec8   0x08002ec8   0x00000012   Code   RO          316    .text.LL_HSEM_ReleaseLock  stm32_lpm_if.o
    0x08002eda   0x08002eda   0x00000002   PAD
    0x08002edc   0x08002edc   0x00000012   Code   RO          304    .text.LL_LPM_EnableDeepSleep  stm32_lpm_if.o
    0x08002eee   0x08002eee   0x00000002   PAD
    0x08002ef0   0x08002ef0   0x00000012   Code   RO          308    .text.LL_LPM_EnableSleep  stm32_lpm_if.o
    0x08002f02   0x08002f02   0x00000002   PAD
    0x08002f04   0x08002f04   0x0000000e   Code   RO          300    .text.LL_PWR_ClearFlag_WU  stm32_lpm_if.o
    0x08002f12   0x08002f12   0x00000002   PAD
    0x08002f14   0x08002f14   0x00000012   Code   RO          499    .text.LL_PWR_EnableBootC2  hw_ipcc.o
    0x08002f26   0x08002f26   0x00000002   PAD
    0x08002f28   0x08002f28   0x00000010   Code   RO          312    .text.LL_PWR_IsActiveFlag_C2DS  stm32_lpm_if.o
    0x08002f38   0x08002f38   0x00000010   Code   RO          314    .text.LL_PWR_IsActiveFlag_C2SB  stm32_lpm_if.o
    0x08002f48   0x08002f48   0x00000014   Code   RO          302    .text.LL_PWR_SetPowerMode  stm32_lpm_if.o
    0x08002f5c   0x08002f5c   0x00000010   Code   RO          105    .text.LL_RCC_EnableRTC  rtc.o
    0x08002f6c   0x08002f6c   0x00000010   Code   RO          953    .text.LL_RCC_ForceBackupDomainReset  stm32wbxx_hal_rcc_ex.o
    0x08002f7c   0x08002f7c   0x00000010   Code   RO          907    .text.LL_RCC_GetAHB4Prescaler  stm32wbxx_hal_rcc.o
    0x08002f8c   0x08002f8c   0x0000000e   Code   RO          899    .text.LL_RCC_GetAHBPrescaler  stm32wbxx_hal_rcc.o
    0x08002f9a   0x08002f9a   0x00000002   PAD
    0x08002f9c   0x08002f9c   0x0000000e   Code   RO          949    .text.LL_RCC_GetRTCClockSource  stm32wbxx_hal_rcc_ex.o
    0x08002faa   0x08002faa   0x00000002   PAD
    0x08002fac   0x08002fac   0x0000000e   Code   RO          328    .text.LL_RCC_GetSysClkSource  stm32_lpm_if.o
    0x08002fba   0x08002fba   0x00000002   PAD
    0x08002fbc   0x08002fbc   0x0000000e   Code   RO          803    .text.LL_RCC_GetSysClkSource  stm32wbxx_hal_rcc.o
    0x08002fca   0x08002fca   0x00000002   PAD
    0x08002fcc   0x08002fcc   0x0000000e   Code   RO          817    .text.LL_RCC_HSE_Disable  stm32wbxx_hal_rcc.o
    0x08002fda   0x08002fda   0x00000002   PAD
    0x08002fdc   0x08002fdc   0x0000000e   Code   RO          815    .text.LL_RCC_HSE_Enable  stm32wbxx_hal_rcc.o
    0x08002fea   0x08002fea   0x00000002   PAD
    0x08002fec   0x08002fec   0x0000000c   Code   RO          891    .text.LL_RCC_HSE_IsEnabledDiv2  stm32wbxx_hal_rcc.o
    0x08002ff8   0x08002ff8   0x0000000c   Code   RO          819    .text.LL_RCC_HSE_IsReady  stm32wbxx_hal_rcc.o
    0x08003004   0x08003004   0x0000001e   Code   RO          181    .text.LL_RCC_HSE_SetCapacitorTuning  app_entry.o
    0x08003022   0x08003022   0x00000002   PAD
    0x08003024   0x08003024   0x00000010   Code   RO          855    .text.LL_RCC_HSI48_Disable  stm32wbxx_hal_rcc.o
    0x08003034   0x08003034   0x00000010   Code   RO          851    .text.LL_RCC_HSI48_Enable  stm32wbxx_hal_rcc.o
    0x08003044   0x08003044   0x0000000e   Code   RO          853    .text.LL_RCC_HSI48_IsReady  stm32wbxx_hal_rcc.o
    0x08003052   0x08003052   0x00000002   PAD
    0x08003054   0x08003054   0x0000000e   Code   RO          825    .text.LL_RCC_HSI_Disable  stm32wbxx_hal_rcc.o
    0x08003062   0x08003062   0x00000002   PAD
    0x08003064   0x08003064   0x0000000e   Code   RO          320    .text.LL_RCC_HSI_Enable  stm32_lpm_if.o
    0x08003072   0x08003072   0x00000002   PAD
    0x08003074   0x08003074   0x0000000e   Code   RO          821    .text.LL_RCC_HSI_Enable  stm32wbxx_hal_rcc.o
    0x08003082   0x08003082   0x00000002   PAD
    0x08003084   0x08003084   0x0000000c   Code   RO          322    .text.LL_RCC_HSI_IsReady  stm32_lpm_if.o
    0x08003090   0x08003090   0x0000000c   Code   RO          823    .text.LL_RCC_HSI_IsReady  stm32wbxx_hal_rcc.o
    0x0800309c   0x0800309c   0x00000014   Code   RO          795    .text.LL_RCC_HSI_SetCalibTrimming  stm32wbxx_hal_rcc.o
    0x080030b0   0x080030b0   0x00000010   Code   RO          869    .text.LL_RCC_IsActiveFlag_C2HPRE  stm32wbxx_hal_rcc.o
    0x080030c0   0x080030c0   0x0000000e   Code   RO          865    .text.LL_RCC_IsActiveFlag_HPRE  stm32wbxx_hal_rcc.o
    0x080030ce   0x080030ce   0x00000002   PAD
    0x080030d0   0x080030d0   0x0000000e   Code   RO          877    .text.LL_RCC_IsActiveFlag_PPRE1  stm32wbxx_hal_rcc.o
    0x080030de   0x080030de   0x00000002   PAD
    0x080030e0   0x080030e0   0x0000000e   Code   RO          881    .text.LL_RCC_IsActiveFlag_PPRE2  stm32wbxx_hal_rcc.o
    0x080030ee   0x080030ee   0x00000002   PAD
    0x080030f0   0x080030f0   0x00000010   Code   RO          873    .text.LL_RCC_IsActiveFlag_SHDHPRE  stm32wbxx_hal_rcc.o
    0x08003100   0x08003100   0x00000010   Code   RO          845    .text.LL_RCC_LSE_Disable  stm32wbxx_hal_rcc.o
    0x08003110   0x08003110   0x00000010   Code   RO          847    .text.LL_RCC_LSE_DisableBypass  stm32wbxx_hal_rcc.o
    0x08003120   0x08003120   0x00000010   Code   RO          841    .text.LL_RCC_LSE_Enable  stm32wbxx_hal_rcc.o
    0x08003130   0x08003130   0x00000010   Code   RO          843    .text.LL_RCC_LSE_EnableBypass  stm32wbxx_hal_rcc.o
    0x08003140   0x08003140   0x0000000e   Code   RO          957    .text.LL_RCC_LSE_IsEnabled  stm32wbxx_hal_rcc_ex.o
    0x0800314e   0x0800314e   0x00000002   PAD
    0x08003150   0x08003150   0x0000000e   Code   RO          849    .text.LL_RCC_LSE_IsReady  stm32wbxx_hal_rcc.o
    0x0800315e   0x0800315e   0x00000002   PAD
    0x08003160   0x08003160   0x0000000e   Code   RO          959    .text.LL_RCC_LSE_IsReady  stm32wbxx_hal_rcc_ex.o
    0x0800316e   0x0800316e   0x00000002   PAD
    0x08003170   0x08003170   0x00000012   Code   RO           17    .text.LL_RCC_LSE_SetDriveCapability  main.o
    0x08003182   0x08003182   0x00000002   PAD
    0x08003184   0x08003184   0x00000010   Code   RO          837    .text.LL_RCC_LSI1_Disable  stm32wbxx_hal_rcc.o
    0x08003194   0x08003194   0x00000010   Code   RO          829    .text.LL_RCC_LSI1_Enable  stm32wbxx_hal_rcc.o
    0x080031a4   0x080031a4   0x0000000e   Code   RO          827    .text.LL_RCC_LSI1_IsReady  stm32wbxx_hal_rcc.o
    0x080031b2   0x080031b2   0x00000002   PAD
    0x080031b4   0x080031b4   0x00000010   Code   RO          839    .text.LL_RCC_LSI2_Disable  stm32wbxx_hal_rcc.o
    0x080031c4   0x080031c4   0x00000010   Code   RO          831    .text.LL_RCC_LSI2_Enable  stm32wbxx_hal_rcc.o
    0x080031d4   0x080031d4   0x0000000e   Code   RO          833    .text.LL_RCC_LSI2_IsReady  stm32wbxx_hal_rcc.o
    0x080031e2   0x080031e2   0x00000002   PAD
    0x080031e4   0x080031e4   0x00000014   Code   RO          835    .text.LL_RCC_LSI2_SetTrimming  stm32wbxx_hal_rcc.o
    0x080031f8   0x080031f8   0x0000000e   Code   RO          813    .text.LL_RCC_MSI_Disable  stm32wbxx_hal_rcc.o
    0x08003206   0x08003206   0x00000002   PAD
    0x08003208   0x08003208   0x0000000e   Code   RO          787    .text.LL_RCC_MSI_Enable  stm32wbxx_hal_rcc.o
    0x08003216   0x08003216   0x00000002   PAD
    0x08003218   0x08003218   0x00000012   Code   RO          807    .text.LL_RCC_MSI_GetRange  stm32wbxx_hal_rcc.o
    0x0800322a   0x0800322a   0x00000002   PAD
    0x0800322c   0x0800322c   0x0000000c   Code   RO          789    .text.LL_RCC_MSI_IsReady  stm32wbxx_hal_rcc.o
    0x08003238   0x08003238   0x00000014   Code   RO          793    .text.LL_RCC_MSI_SetCalibTrimming  stm32wbxx_hal_rcc.o
    0x0800324c   0x0800324c   0x00000010   Code   RO          791    .text.LL_RCC_MSI_SetRange  stm32wbxx_hal_rcc.o
    0x0800325c   0x0800325c   0x0000000e   Code   RO         1063    .text.LL_RCC_PLLSAI1_Disable  stm32wbxx_hal_rcc_ex.o
    0x0800326a   0x0800326a   0x00000002   PAD
    0x0800326c   0x0800326c   0x0000000e   Code   RO         1065    .text.LL_RCC_PLLSAI1_Enable  stm32wbxx_hal_rcc_ex.o
    0x0800327a   0x0800327a   0x00000002   PAD
    0x0800327c   0x0800327c   0x0000000c   Code   RO         1027    .text.LL_RCC_PLLSAI1_IsReady  stm32wbxx_hal_rcc_ex.o
    0x08003288   0x08003288   0x0000000e   Code   RO          857    .text.LL_RCC_PLL_Disable  stm32wbxx_hal_rcc.o
    0x08003296   0x08003296   0x00000002   PAD
    0x08003298   0x08003298   0x0000000e   Code   RO          859    .text.LL_RCC_PLL_Enable  stm32wbxx_hal_rcc.o
    0x080032a6   0x080032a6   0x00000002   PAD
    0x080032a8   0x080032a8   0x0000000e   Code   RO          895    .text.LL_RCC_PLL_GetDivider  stm32wbxx_hal_rcc.o
    0x080032b6   0x080032b6   0x00000002   PAD
    0x080032b8   0x080032b8   0x0000000e   Code   RO          805    .text.LL_RCC_PLL_GetMainSource  stm32wbxx_hal_rcc.o
    0x080032c6   0x080032c6   0x00000002   PAD
    0x080032c8   0x080032c8   0x0000000e   Code   RO          893    .text.LL_RCC_PLL_GetN  stm32wbxx_hal_rcc.o
    0x080032d6   0x080032d6   0x00000002   PAD
    0x080032d8   0x080032d8   0x0000000e   Code   RO          897    .text.LL_RCC_PLL_GetR  stm32wbxx_hal_rcc.o
    0x080032e6   0x080032e6   0x00000002   PAD
    0x080032e8   0x080032e8   0x0000000c   Code   RO          797    .text.LL_RCC_PLL_IsReady  stm32wbxx_hal_rcc.o
    0x080032f4   0x080032f4   0x00000010   Code   RO          955    .text.LL_RCC_ReleaseBackupDomainReset  stm32wbxx_hal_rcc_ex.o
    0x08003304   0x08003304   0x00000012   Code   RO          977    .text.LL_RCC_SetADCClockSource  stm32wbxx_hal_rcc_ex.o
    0x08003316   0x08003316   0x00000002   PAD
    0x08003318   0x08003318   0x00000016   Code   RO          871    .text.LL_RCC_SetAHB4Prescaler  stm32wbxx_hal_rcc.o
    0x0800332e   0x0800332e   0x00000002   PAD
    0x08003330   0x08003330   0x00000012   Code   RO          863    .text.LL_RCC_SetAHBPrescaler  stm32wbxx_hal_rcc.o
    0x08003342   0x08003342   0x00000002   PAD
    0x08003344   0x08003344   0x00000012   Code   RO          875    .text.LL_RCC_SetAPB1Prescaler  stm32wbxx_hal_rcc.o
    0x08003356   0x08003356   0x00000002   PAD
    0x08003358   0x08003358   0x00000012   Code   RO          879    .text.LL_RCC_SetAPB2Prescaler  stm32wbxx_hal_rcc.o
    0x0800336a   0x0800336a   0x00000002   PAD
    0x0800336c   0x0800336c   0x00000012   Code   RO          975    .text.LL_RCC_SetCLK48ClockSource  stm32wbxx_hal_rcc_ex.o
    0x0800337e   0x0800337e   0x00000002   PAD
    0x08003380   0x08003380   0x00000010   Code   RO          191    .text.LL_RCC_SetClkAfterWakeFromStop  app_entry.o
    0x08003390   0x08003390   0x0000001e   Code   RO          967    .text.LL_RCC_SetI2CClockSource  stm32wbxx_hal_rcc_ex.o
    0x080033ae   0x080033ae   0x00000002   PAD
    0x080033b0   0x080033b0   0x0000001a   Code   RO          965    .text.LL_RCC_SetLPTIMClockSource  stm32wbxx_hal_rcc_ex.o
    0x080033ca   0x080033ca   0x00000002   PAD
    0x080033cc   0x080033cc   0x00000012   Code   RO          963    .text.LL_RCC_SetLPUARTClockSource  stm32wbxx_hal_rcc_ex.o
    0x080033de   0x080033de   0x00000002   PAD
    0x080033e0   0x080033e0   0x00000012   Code   RO          981    .text.LL_RCC_SetRFWKPClockSource  stm32wbxx_hal_rcc_ex.o
    0x080033f2   0x080033f2   0x00000002   PAD
    0x080033f4   0x080033f4   0x00000012   Code   RO          973    .text.LL_RCC_SetRNGClockSource  stm32wbxx_hal_rcc_ex.o
    0x08003406   0x08003406   0x00000002   PAD
    0x08003408   0x08003408   0x00000012   Code   RO          951    .text.LL_RCC_SetRTCClockSource  stm32wbxx_hal_rcc_ex.o
    0x0800341a   0x0800341a   0x00000002   PAD
    0x0800341c   0x0800341c   0x00000012   Code   RO          947    .text.LL_RCC_SetSAIClockSource  stm32wbxx_hal_rcc_ex.o
    0x0800342e   0x0800342e   0x00000002   PAD
    0x08003430   0x08003430   0x00000010   Code   RO          326    .text.LL_RCC_SetSMPSClockSource  stm32_lpm_if.o
    0x08003440   0x08003440   0x00000012   Code   RO          985    .text.LL_RCC_SetSMPSClockSource  stm32wbxx_hal_rcc_ex.o
    0x08003452   0x08003452   0x00000002   PAD
    0x08003454   0x08003454   0x00000012   Code   RO          983    .text.LL_RCC_SetSMPSPrescaler  stm32wbxx_hal_rcc_ex.o
    0x08003466   0x08003466   0x00000002   PAD
    0x08003468   0x08003468   0x00000012   Code   RO          324    .text.LL_RCC_SetSysClkSource  stm32_lpm_if.o
    0x0800347a   0x0800347a   0x00000002   PAD
    0x0800347c   0x0800347c   0x00000012   Code   RO          883    .text.LL_RCC_SetSysClkSource  stm32wbxx_hal_rcc.o
    0x0800348e   0x0800348e   0x00000002   PAD
    0x08003490   0x08003490   0x00000012   Code   RO          961    .text.LL_RCC_SetUSARTClockSource  stm32wbxx_hal_rcc_ex.o
    0x080034a2   0x080034a2   0x00000002   PAD
    0x080034a4   0x080034a4   0x00000008   Code   RO          969    .text.LL_RCC_SetUSBClockSource  stm32wbxx_hal_rcc_ex.o
    0x080034ac   0x080034ac   0x00000012   Code   RO          185    .text.LL_RTC_DisableWriteProtection  app_entry.o
    0x080034be   0x080034be   0x00000002   PAD
    0x080034c0   0x080034c0   0x0000000e   Code   RO          189    .text.LL_RTC_EnableWriteProtection  app_entry.o
    0x080034ce   0x080034ce   0x00000002   PAD
    0x080034d0   0x080034d0   0x00000012   Code   RO          187    .text.LL_RTC_WAKEUP_SetClock  app_entry.o
    0x080034e2   0x080034e2   0x00000002   PAD
    0x080034e4   0x080034e4   0x00000006   Code   RO         2339    .text.LST_init_head  stm_list.o
    0x080034ea   0x080034ea   0x00000002   PAD
    0x080034ec   0x080034ec   0x0000001c   Code   RO         2343    .text.LST_insert_head  stm_list.o
    0x08003508   0x08003508   0x0000001c   Code   RO         2345    .text.LST_insert_tail  stm_list.o
    0x08003524   0x08003524   0x0000001a   Code   RO         2341    .text.LST_is_empty  stm_list.o
    0x0800353e   0x0800353e   0x00000002   PAD
    0x08003540   0x08003540   0x0000001c   Code   RO         2349    .text.LST_remove_head  stm_list.o
    0x0800355c   0x0800355c   0x0000001a   Code   RO         2347    .text.LST_remove_node  stm_list.o
    0x08003576   0x08003576   0x00000002   PAD
    0x08003578   0x08003578   0x00000038   Code   RO          265    .text.LinkTimerAfter  hw_timerserver.o
    0x080035b0   0x080035b0   0x00000062   Code   RO          267    .text.LinkTimerBefore  hw_timerserver.o
    0x08003612   0x08003612   0x00000002   PAD
    0x08003614   0x08003614   0x00000002   Code   RO         2995    .text.MESH_Init     svc_ctl.o
    0x08003616   0x08003616   0x00000002   PAD
    0x08003618   0x08003618   0x00000002   Code   RO         2987    .text.MOTENV_STM_Init  svc_ctl.o
    0x0800361a   0x0800361a   0x00000002   PAD
    0x0800361c   0x0800361c   0x00000116   Code   RO           41    .text.MX_ADC1_Init  adc.o
    0x08003732   0x08003732   0x00000002   PAD
    0x08003734   0x08003734   0x00000016   Code   RO          145    .text.MX_APPE_Config  app_entry.o
    0x0800374a   0x0800374a   0x00000002   PAD
    0x0800374c   0x0800374c   0x0000001e   Code   RO          149    .text.MX_APPE_Init  app_entry.o
    0x0800376a   0x0800376a   0x00000002   PAD
    0x0800376c   0x0800376c   0x0000000c   Code   RO          167    .text.MX_APPE_Process  app_entry.o
    0x08003778   0x08003778   0x00000020   Code   RO           61    .text.MX_DMA_Init   dma.o
    0x08003798   0x08003798   0x00000112   Code   RO           29    .text.MX_GPIO_Init  gpio.o
    0x080038aa   0x080038aa   0x00000002   PAD
    0x080038ac   0x080038ac   0x00000022   Code   RO           73    .text.MX_IPCC_Init  ipcc.o
    0x080038ce   0x080038ce   0x00000002   PAD
    0x080038d0   0x080038d0   0x00000002   Code   RO           93    .text.MX_RF_Init    rf.o
    0x080038d2   0x080038d2   0x00000002   PAD
    0x080038d4   0x080038d4   0x0000004c   Code   RO          101    .text.MX_RTC_Init   rtc.o
    0x08003920   0x08003920   0x0000004e   Code   RO          124    .text.MX_SPI1_Init  spi.o
    0x0800396e   0x0800396e   0x00000002   PAD
    0x08003970   0x08003970   0x00000002   Code   RO          343    .text.MemManage_Handler  stm32wbxx_it.o
    0x08003972   0x08003972   0x00000002   PAD
    0x08003974   0x08003974   0x00000002   Code   RO          339    .text.NMI_Handler   stm32wbxx_it.o
    0x08003976   0x08003976   0x00000002   PAD
    0x08003978   0x08003978   0x0000002c   Code   RO         1610    .text.NVIC_EncodePriority  stm32wbxx_hal_cortex.o
    0x080039a4   0x080039a4   0x00000024   Code   RO         2894    .text.NotifyCmdStatus  hci_tl.o
    0x080039c8   0x080039c8   0x00000002   Code   RO         2993    .text.OTAS_STM_Init  svc_ctl.o
    0x080039ca   0x080039ca   0x00000002   PAD
    0x080039cc   0x080039cc   0x00000028   Code   RO         2330    .text.OTP_Read      otp.o
    0x080039f4   0x080039f4   0x0000000c   Code   RO         2395    .text.Osal_MemCpy   osal.o
    0x08003a00   0x08003a00   0x00000012   Code   RO         2397    .text.Osal_MemSet   osal.o
    0x08003a12   0x08003a12   0x00000002   PAD
    0x08003a14   0x08003a14   0x00000030   Code   RO          455    .text.P2PS_APP_Init  p2p_server_app.o
    0x08003a44   0x08003a44   0x00000032   Code   RO          453    .text.P2PS_APP_Notification  p2p_server_app.o
    0x08003a76   0x08003a76   0x00000002   PAD
    0x08003a78   0x08003a78   0x00000002   Code   RO          451    .text.P2PS_STM_App_Notification  p2p_server_app.o
    0x08003a7a   0x08003a7a   0x00000002   PAD
    0x08003a7c   0x08003a7c   0x0000002e   Code   RO         2873    .text.P2PS_STM_App_Update_Char  p2p_stm.o
    0x08003aaa   0x08003aaa   0x00000002   PAD
    0x08003aac   0x08003aac   0x000000cc   Code   RO         2869    .text.P2PS_STM_Init  p2p_stm.o
    0x08003b78   0x08003b78   0x00000040   Code   RO          457    .text.P2PS_Send_Notification  p2p_server_app.o
    0x08003bb8   0x08003bb8   0x0000001c   Code   RO          294    .text.PWR_EnterOffMode  stm32_lpm_if.o
    0x08003bd4   0x08003bd4   0x0000000e   Code   RO          286    .text.PWR_EnterSleepMode  stm32_lpm_if.o
    0x08003be2   0x08003be2   0x00000002   PAD
    0x08003be4   0x08003be4   0x00000018   Code   RO          290    .text.PWR_EnterStopMode  stm32_lpm_if.o
    0x08003bfc   0x08003bfc   0x00000008   Code   RO          296    .text.PWR_ExitOffMode  stm32_lpm_if.o
    0x08003c04   0x08003c04   0x00000008   Code   RO          288    .text.PWR_ExitSleepMode  stm32_lpm_if.o
    0x08003c0c   0x08003c0c   0x0000000c   Code   RO          292    .text.PWR_ExitStopMode  stm32_lpm_if.o
    0x08003c18   0x08003c18   0x00000080   Code   RO         2871    .text.PeerToPeer_Event_Handler  p2p_stm.o
    0x08003c98   0x08003c98   0x00000002   Code   RO          353    .text.PendSV_Handler  stm32wbxx_it.o
    0x08003c9a   0x08003c9a   0x00000002   PAD
    0x08003c9c   0x08003c9c   0x00000034   Code   RO           15    .text.PeriphCommonClock_Config  main.o
    0x08003cd0   0x08003cd0   0x0000007c   Code   RO          945    .text.RCCEx_PLLSAI1_ConfigNP  stm32wbxx_hal_rcc_ex.o
    0x08003d4c   0x08003d4c   0x0000007c   Code   RO          971    .text.RCCEx_PLLSAI1_ConfigNQ  stm32wbxx_hal_rcc_ex.o
    0x08003dc8   0x08003dc8   0x0000007c   Code   RO          979    .text.RCCEx_PLLSAI1_ConfigNR  stm32wbxx_hal_rcc_ex.o
    0x08003e44   0x08003e44   0x00000090   Code   RO          931    .text.RCC_SetFlashLatency  stm32wbxx_hal_rcc.o
    0x08003ed4   0x08003ed4   0x0000004e   Code   RO          809    .text.RCC_SetFlashLatencyFromMSIRange  stm32wbxx_hal_rcc.o
    0x08003f22   0x08003f22   0x00000002   PAD
    0x08003f24   0x08003f24   0x00000034   Code   RO         1909    .text.RTC_EnterInitMode  stm32wbxx_hal_rtc.o
    0x08003f58   0x08003f58   0x00000008   Code   RO          357    .text.RTC_WKUP_IRQHandler  stm32wbxx_it.o
    0x08003f60   0x08003f60   0x00000018   Code   RO          263    .text.ReadRtcSsrValue  hw_timerserver.o
    0x08003f78   0x08003f78   0x000000a4   Code   RO          243    .text.RescheduleTimerList  hw_timerserver.o
    0x0800401c   0x0800401c   0x00000094   Code   RO          261    .text.RestartWakeupCounter  hw_timerserver.o
    0x080040b0   0x080040b0   0x00000052   Code   RO          259    .text.ReturnTimeElapsed  hw_timerserver.o
    0x08004102   0x08004102   0x00000002   PAD
    0x08004104   0x08004104   0x0000003c   Code   RO         3048    .text.SEQ_BitPosition  stm32_seq.o
    0x08004140   0x08004140   0x0000001c   Code   RO         2266    .text.SHCI_C2_BLE_Init  shci.o
    0x0800415c   0x0800415c   0x0000001a   Code   RO         2300    .text.SHCI_C2_Config  shci.o
    0x08004176   0x08004176   0x00000002   PAD
    0x08004178   0x08004178   0x0000001c   Code   RO         2276    .text.SHCI_C2_DEBUG_Init  shci.o
    0x08004194   0x08004194   0x000000a0   Code   RO         2306    .text.SHCI_GetWirelessFwInfo  shci.o
    0x08004234   0x08004234   0x00000010   Code   RO          365    .text.SPI1_IRQHandler  stm32wbxx_it.o
    0x08004244   0x08004244   0x00000012   Code   RO         2131    .text.SPI_DMAAbortOnError  stm32wbxx_hal_spi.o
    0x08004256   0x08004256   0x00000002   PAD
    0x08004258   0x08004258   0x000000c4   Code   RO          405    .text.SVCCTL_App_Notification  app_ble.o
    0x0800431c   0x0800431c   0x0000001e   Code   RO         3001    .text.SVCCTL_Init   svc_ctl.o
    0x0800433a   0x0800433a   0x00000002   PAD
    0x0800433c   0x0800433c   0x00000002   Code   RO         2999    .text.SVCCTL_InitCustomSvc  svc_ctl.o
    0x0800433e   0x0800433e   0x00000002   PAD
    0x08004340   0x08004340   0x00000014   Code   RO         3005    .text.SVCCTL_RegisterSvcHandler  svc_ctl.o
    0x08004354   0x08004354   0x0000004c   Code   RO         3003    .text.SVCCTL_SvcInit  svc_ctl.o
    0x080043a0   0x080043a0   0x0000005a   Code   RO         3009    .text.SVCCTL_UserEvtRx  svc_ctl.o
    0x080043fa   0x080043fa   0x00000002   PAD
    0x080043fc   0x080043fc   0x00000002   Code   RO          349    .text.SVC_Handler   stm32wbxx_it.o
    0x080043fe   0x080043fe   0x00000002   PAD
    0x08004400   0x08004400   0x00000032   Code   RO         2896    .text.SendCmd       hci_tl.o
    0x08004432   0x08004432   0x00000002   PAD
    0x08004434   0x08004434   0x00000044   Code   RO         2219    .text.SendFreeBuf   tl_mbox.o
    0x08004478   0x08004478   0x00000002   Code   RO          401    .text.Switch_OFF_GPIO  app_ble.o
    0x0800447a   0x0800447a   0x00000002   PAD
    0x0800447c   0x0800447c   0x00000022   Code   RO          318    .text.Switch_On_HSI  stm32_lpm_if.o
    0x0800449e   0x0800449e   0x00000002   PAD
    0x080044a0   0x080044a0   0x0000002e   Code   RO         1626    .text.SysTick_Config  stm32wbxx_hal_cortex.o
    0x080044ce   0x080044ce   0x00000002   PAD
    0x080044d0   0x080044d0   0x00000008   Code   RO          355    .text.SysTick_Handler  stm32wbxx_it.o
    0x080044d8   0x080044d8   0x000000a4   Code   RO           13    .text.SystemClock_Config  main.o
    0x0800457c   0x0800457c   0x00000068   Code   RO         2176    .text.SystemInit    system_stm32wbxx.o
    0x080045e4   0x080045e4   0x00000010   Code   RO          153    .text.SystemPower_Config  app_entry.o
    0x080045f4   0x080045f4   0x0000000c   Code   RO          151    .text.System_Init   app_entry.o
    0x08004600   0x08004600   0x0000004e   Code   RO         2197    .text.TL_BLE_Init   tl_mbox.o
    0x0800464e   0x0800464e   0x00000002   PAD
    0x08004650   0x08004650   0x0000001c   Code   RO         2199    .text.TL_BLE_SendCmd  tl_mbox.o
    0x0800466c   0x0800466c   0x00000008   Code   RO         2193    .text.TL_Enable     tl_mbox.o
    0x08004674   0x08004674   0x00000074   Code   RO         2195    .text.TL_Init       tl_mbox.o
    0x080046e8   0x080046e8   0x0000001e   Code   RO         2217    .text.TL_MM_EvtDone  tl_mbox.o
    0x08004706   0x08004706   0x00000002   PAD
    0x08004708   0x08004708   0x0000004a   Code   RO         2215    .text.TL_MM_Init    tl_mbox.o
    0x08004752   0x08004752   0x00000002   PAD
    0x08004754   0x08004754   0x00000042   Code   RO         2207    .text.TL_SYS_Init   tl_mbox.o
    0x08004796   0x08004796   0x00000002   PAD
    0x08004798   0x08004798   0x0000001c   Code   RO         2209    .text.TL_SYS_SendCmd  tl_mbox.o
    0x080047b4   0x080047b4   0x00000002   Code   RO         2225    .text.TL_TRACES_EvtReceived  tl_mbox.o
    0x080047b6   0x080047b6   0x00000002   PAD
    0x080047b8   0x080047b8   0x00000022   Code   RO         2221    .text.TL_TRACES_Init  tl_mbox.o
    0x080047da   0x080047da   0x00000002   PAD
    0x080047dc   0x080047dc   0x00000002   Code   RO         2985    .text.TPS_Init      svc_ctl.o
    0x080047de   0x080047de   0x00000002   PAD
    0x080047e0   0x080047e0   0x0000000a   Code   RO         2941    .text.TlCmdEvtReceived  shci_tl.o
    0x080047ea   0x080047ea   0x00000002   PAD
    0x080047ec   0x080047ec   0x00000038   Code   RO         2902    .text.TlEvtReceived  hci_tl.o
    0x08004824   0x08004824   0x00000054   Code   RO         2886    .text.TlInit        hci_tl.o
    0x08004878   0x08004878   0x00000058   Code   RO         2927    .text.TlInit        shci_tl.o
    0x080048d0   0x080048d0   0x0000001a   Code   RO         2943    .text.TlUserEvtReceived  shci_tl.o
    0x080048ea   0x080048ea   0x00000002   PAD
    0x080048ec   0x080048ec   0x00000066   Code   RO         3030    .text.UTIL_LPM_EnterLowPower  stm32_lpm.o
    0x08004952   0x08004952   0x00000002   PAD
    0x08004954   0x08004954   0x00000032   Code   RO         3028    .text.UTIL_LPM_GetMode  stm32_lpm.o
    0x08004986   0x08004986   0x00000002   PAD
    0x08004988   0x08004988   0x00000018   Code   RO         3020    .text.UTIL_LPM_Init  stm32_lpm.o
    0x080049a0   0x080049a0   0x0000002c   Code   RO         3026    .text.UTIL_LPM_SetOffMode  stm32_lpm.o
    0x080049cc   0x080049cc   0x0000002c   Code   RO         3024    .text.UTIL_LPM_SetStopMode  stm32_lpm.o
    0x080049f8   0x080049f8   0x0000000c   Code   RO          171    .text.UTIL_SEQ_EvtIdle  app_entry.o
    0x08004a04   0x08004a04   0x00000008   Code   RO          169    .text.UTIL_SEQ_Idle  app_entry.o
    0x08004a0c   0x08004a0c   0x00000020   Code   RO         3062    .text.UTIL_SEQ_PauseTask  stm32_seq.o
    0x08004a2c   0x08004a2c   0x00000002   Code   RO         3054    .text.UTIL_SEQ_PostIdle  stm32_seq.o
    0x08004a2e   0x08004a2e   0x00000002   PAD
    0x08004a30   0x08004a30   0x00000002   Code   RO         3050    .text.UTIL_SEQ_PreIdle  stm32_seq.o
    0x08004a32   0x08004a32   0x00000002   PAD
    0x08004a34   0x08004a34   0x00000024   Code   RO         3056    .text.UTIL_SEQ_RegTask  stm32_seq.o
    0x08004a58   0x08004a58   0x0000001e   Code   RO         3066    .text.UTIL_SEQ_ResumeTask  stm32_seq.o
    0x08004a76   0x08004a76   0x00000002   PAD
    0x08004a78   0x08004a78   0x00000164   Code   RO         3046    .text.UTIL_SEQ_Run  stm32_seq.o
    0x08004bdc   0x08004bdc   0x0000001e   Code   RO         3068    .text.UTIL_SEQ_SetEvt  stm32_seq.o
    0x08004bfa   0x08004bfa   0x00000002   PAD
    0x08004bfc   0x08004bfc   0x00000034   Code   RO         3058    .text.UTIL_SEQ_SetTask  stm32_seq.o
    0x08004c30   0x08004c30   0x0000006e   Code   RO         3072    .text.UTIL_SEQ_WaitEvt  stm32_seq.o
    0x08004c9e   0x08004c9e   0x00000002   PAD
    0x08004ca0   0x08004ca0   0x0000008c   Code   RO          235    .text.UnlinkTimer   hw_timerserver.o
    0x08004d2c   0x08004d2c   0x00000002   Code   RO          347    .text.UsageFault_Handler  stm32wbxx_it.o
    0x08004d2e   0x08004d2e   0x00000002   PAD
    0x08004d30   0x08004d30   0x00000002   Code   RO         2991    .text.ZDD_STM_Init  svc_ctl.o
    0x08004d32   0x08004d32   0x00000002   PAD
    0x08004d34   0x08004d34   0x00000020   Code   RO         1646    .text.__NVIC_ClearPendingIRQ  stm32wbxx_hal_cortex.o
    0x08004d54   0x08004d54   0x00000028   Code   RO         1618    .text.__NVIC_DisableIRQ  stm32wbxx_hal_cortex.o
    0x08004d7c   0x08004d7c   0x00000020   Code   RO         1614    .text.__NVIC_EnableIRQ  stm32wbxx_hal_cortex.o
    0x08004d9c   0x08004d9c   0x00000010   Code   RO         1606    .text.__NVIC_GetPriorityGrouping  stm32wbxx_hal_cortex.o
    0x08004dac   0x08004dac   0x00000020   Code   RO         1638    .text.__NVIC_SetPendingIRQ  stm32wbxx_hal_cortex.o
    0x08004dcc   0x08004dcc   0x00000022   Code   RO         1608    .text.__NVIC_SetPriority  stm32wbxx_hal_cortex.o
    0x08004dee   0x08004dee   0x00000002   PAD
    0x08004df0   0x08004df0   0x00000020   Code   RO         1602    .text.__NVIC_SetPriorityGrouping  stm32wbxx_hal_cortex.o
    0x08004e10   0x08004e10   0x00000040   Code   RO         2443    .text.aci_gap_configure_filter_accept_list  ble_gap_aci.o
    0x08004e50   0x08004e50   0x0000008c   Code   RO         2427    .text.aci_gap_init  ble_gap_aci.o
    0x08004edc   0x08004edc   0x00000078   Code   RO         2419    .text.aci_gap_set_authentication_requirement  ble_gap_aci.o
    0x08004f54   0x08004f54   0x0000009e   Code   RO         2413    .text.aci_gap_set_discoverable  ble_gap_aci.o
    0x08004ff2   0x08004ff2   0x00000002   PAD
    0x08004ff4   0x08004ff4   0x0000004a   Code   RO         2417    .text.aci_gap_set_io_capability  ble_gap_aci.o
    0x0800503e   0x0800503e   0x00000002   PAD
    0x08005040   0x08005040   0x00000040   Code   RO         2409    .text.aci_gap_set_non_discoverable  ble_gap_aci.o
    0x08005080   0x08005080   0x00000056   Code   RO         2435    .text.aci_gap_update_adv_data  ble_gap_aci.o
    0x080050d6   0x080050d6   0x00000002   PAD
    0x080050d8   0x080050d8   0x000000dc   Code   RO         2531    .text.aci_gatt_add_char  ble_gatt_aci.o
    0x080051b4   0x080051b4   0x000000bc   Code   RO         2527    .text.aci_gatt_add_service  ble_gatt_aci.o
    0x08005270   0x08005270   0x0000004c   Code   RO         2597    .text.aci_gatt_confirm_indication  ble_gatt_aci.o
    0x080052bc   0x080052bc   0x00000040   Code   RO         2525    .text.aci_gatt_init  ble_gatt_aci.o
    0x080052fc   0x080052fc   0x00000068   Code   RO         2535    .text.aci_gatt_update_char_value  ble_gatt_aci.o
    0x08005364   0x08005364   0x0000004c   Code   RO         2645    .text.aci_hal_set_radio_activity_mask  ble_hal_aci.o
    0x080053b0   0x080053b0   0x00000050   Code   RO         2635    .text.aci_hal_set_tx_power_level  ble_hal_aci.o
    0x08005400   0x08005400   0x0000005c   Code   RO         2631    .text.aci_hal_write_config_data  ble_hal_aci.o
    0x0800545c   0x0800545c   0x0000006c   Code   RO          155    .text.appe_Tl_Init  app_entry.o
    0x080054c8   0x080054c8   0x0000000a   Code   RO          411    .text.hci_cmd_resp_release  app_ble.o
    0x080054d2   0x080054d2   0x00000002   PAD
    0x080054d4   0x080054d4   0x0000000a   Code   RO          413    .text.hci_cmd_resp_wait  app_ble.o
    0x080054de   0x080054de   0x00000002   PAD
    0x080054e0   0x080054e0   0x00000028   Code   RO         2884    .text.hci_init      hci_tl.o
    0x08005508   0x08005508   0x00000074   Code   RO         2791    .text.hci_le_read_phy  ble_hci_le.o
    0x0800557c   0x0800557c   0x00000054   Code   RO         2793    .text.hci_le_set_default_phy  ble_hci_le.o
    0x080055d0   0x080055d0   0x0000000c   Code   RO          409    .text.hci_notify_asynch_evt  app_ble.o
    0x080055dc   0x080055dc   0x00000016   Code   RO         2917    .text.hci_register_io_bus  hci_tl_if.o
    0x080055f2   0x080055f2   0x00000002   PAD
    0x080055f4   0x080055f4   0x0000003e   Code   RO         2683    .text.hci_reset     ble_hci_le.o
    0x08005632   0x08005632   0x00000002   PAD
    0x08005634   0x08005634   0x000000c8   Code   RO         2892    .text.hci_send_req  hci_tl.o
    0x080056fc   0x080056fc   0x00000086   Code   RO         2888    .text.hci_user_evt_proc  hci_tl.o
    0x08005782   0x08005782   0x00000002   PAD
    0x08005784   0x08005784   0x000000c2   Code   RO          255    .text.linkTimer     hw_timerserver.o
    0x08005846   0x08005846   0x00000002   PAD
    0x08005848   0x08005848   0x00000036   Code   RO           11    .text.main          main.o
    0x0800587e   0x0800587e   0x00000002   PAD
    0x08005880   0x08005880   0x0000000a   Code   RO          175    .text.shci_cmd_resp_release  app_entry.o
    0x0800588a   0x0800588a   0x00000002   PAD
    0x0800588c   0x0800588c   0x0000000a   Code   RO          177    .text.shci_cmd_resp_wait  app_entry.o
    0x08005896   0x08005896   0x00000002   PAD
    0x08005898   0x08005898   0x00000028   Code   RO         2925    .text.shci_init     shci_tl.o
    0x080058c0   0x080058c0   0x0000000c   Code   RO          173    .text.shci_notify_asynch_evt  app_entry.o
    0x080058cc   0x080058cc   0x00000016   Code   RO         2957    .text.shci_register_io_bus  shci_tl_if.o
    0x080058e2   0x080058e2   0x00000002   PAD
    0x080058e4   0x080058e4   0x0000006c   Code   RO         2933    .text.shci_send     shci_tl.o
    0x08005950   0x08005950   0x00000086   Code   RO         2929    .text.shci_user_evt_proc  shci_tl.o
    0x080059d6   0x080059d6   0x0000000e   Code   RO         3711    i.__scatterload_copy  mc_w.l(handlers.o)
    0x080059e4   0x080059e4   0x00000002   Code   RO         3712    i.__scatterload_null  mc_w.l(handlers.o)
    0x080059e6   0x080059e6   0x0000000e   Code   RO         3713    i.__scatterload_zeroinit  mc_w.l(handlers.o)
    0x080059f4   0x080059f4   0x0000001b   Data   RO          224    .rodata..L__const.APPD_EnableCPU2.DebugCmdPacket  app_debug.o
    0x08005a0f   0x08005a0f   0x00000001   PAD
    0x08005a10   0x08005a10   0x0000003a   Data   RO          432    .rodata..L__const.APP_BLE_Init.ble_init_cmd_packet  app_ble.o
    0x08005a4a   0x08005a4a   0x00000002   PAD
    0x08005a4c   0x08005a4c   0x00000040   Data   RO         2181    .rodata.AHBPrescTable  system_stm32wbxx.o
    0x08005a8c   0x08005a8c   0x00000040   Data   RO         2183    .rodata.MSIRangeTable  system_stm32wbxx.o
    0x08005acc   0x08005acc   0x00000010   Data   RO         3086    .rodata.SEQ_clz_table_4bit  stm32_seq.o
    0x08005adc   0x08005adc   0x00000018   Data   RO          330    .rodata.UTIL_PowerDriver  stm32_lpm_if.o
    0x08005af4   0x08005af4   0x00000130   Data   RO          222    .rodata.aGpioConfigList  app_debug.o
    0x08005c24   0x08005c24   0x00000010   Data   RO          439    .rodata.a_BLE_CfgErValue  app_ble.o
    0x08005c34   0x08005c34   0x00000010   Data   RO          438    .rodata.a_BLE_CfgIrValue  app_ble.o
    0x08005c44   0x08005c44   0x00000008   Data   RO          442    .rodata.a_LocalName  app_ble.o
    0x08005c4c   0x08005c4c   0x00000006   Data   RO          441    .rodata.a_MBdAddr   app_ble.o
    0x08005c52   0x08005c52   0x00000002   PAD
    0x08005c54   0x08005c54   0x00000010   Data   RO          933    .rodata.cst16       stm32wbxx_hal_rcc.o
    0x08005c64   0x08005c64   0x00000030   Data   RO         3710    Region$$Table       anon$$obj.o


    Execution Region RW_IRAM1 (Exec base: 0x20000008, Load base: 0x08005c98, Size: 0x00000860, Max: 0x0002fff8, ABSOLUTE)

    Exec Addr    Load Addr    Size         Type   Attr      Idx    E Section Name        Object

    0x20000008   0x08005c98   0x0000000a   Data   RW          461    .data.P2PS_Send_Notification.DataToSend  p2p_server_app.o
    0x20000012   0x08005ca2   0x00000002   PAD
    0x20000014   0x08005ca4   0x00000004   Data   RW         3080    .data.SuperMask     stm32_seq.o
    0x20000018   0x08005ca8   0x00000004   Data   RW         2180    .data.SystemCoreClock  system_stm32wbxx.o
    0x2000001c   0x08005cac   0x00000004   Data   RW         3079    .data.TaskMask      stm32_seq.o
    0x20000020   0x08005cb0   0x0000000e   Data   RW          431    .data.a_ManufData   app_ble.o
    0x2000002e   0x08005cbe   0x00000001   Data   RW         1827    .data.uwTickFreq    stm32wbxx_hal.o
    0x2000002f   0x08005cbf   0x00000001   PAD
    0x20000030   0x08005cc0   0x00000004   Data   RW         1826    .data.uwTickPrio    stm32wbxx_hal.o
    0x20000034   0x08005cc4   0x00000006   Data   RW         2875    BLE_DRIVER_CONTEXT  p2p_stm.o
    0x2000003a   0x08005cca   0x00000002   PAD
    0x2000003c   0x08005ccc   0x00000010   Data   RW         2906    BLE_DRIVER_CONTEXT  hci_tl.o
    0x2000004c   0x08005cdc   0x00000021   Data   RW         3011    BLE_DRIVER_CONTEXT  svc_ctl.o
    0x2000006d   0x08005cfd   0x00000003   PAD
    0x20000070   0x08005d00   0x00000011   Data   RW         2947    SYSTEM_DRIVER_CONTEXT  shci_tl.o
    0x20000081   0x08005d11   0x00000007   PAD
    0x20000088        -       0x00000001   Zero   RW          435    .bss.AdvIntervalMax  app_ble.o
    0x20000089   0x08005d11   0x00000001   PAD
    0x2000008a        -       0x00000001   Zero   RW          434    .bss.AdvIntervalMin  app_ble.o
    0x2000008b        -       0x00000001   Zero   RW          273    .bss.AsynchPrescalerUserConfig  hw_timerserver.o
    0x2000008c        -       0x00000004   Zero   RW         2231    .bss.BLE_IoBusAclDataTxAck  tl_mbox.o
    0x20000090        -       0x00000004   Zero   RW         2230    .bss.BLE_IoBusEvtCallBackFunction  tl_mbox.o
    0x20000094        -       0x00000084   Zero   RW          433    .bss.BleApplicationContext  app_ble.o
    0x20000118        -       0x00000001   Zero   RW         2907    .bss.CmdRspStatusFlag  hci_tl.o
    0x20000119        -       0x00000001   Zero   RW         2948    .bss.CmdRspStatusFlag  shci_tl.o
    0x2000011a        -       0x00000001   Zero   RW          269    .bss.CurrentRunningTimerID  hw_timerserver.o
    0x2000011b   0x08005d11   0x00000001   PAD
    0x2000011c        -       0x00000004   Zero   RW         3083    .bss.CurrentTaskIdx  stm32_seq.o
    0x20000120        -       0x00000004   Zero   RW         3081    .bss.EvtSet         stm32_seq.o
    0x20000124        -       0x00000004   Zero   RW         3082    .bss.EvtWaited      stm32_seq.o
    0x20000128        -       0x00000004   Zero   RW          543    .bss.FreeBufCb      hw_ipcc.o
    0x2000012c        -       0x00000004   Zero   RW          436    .bss.HandleNotification  app_ble.o
    0x20000130        -       0x00000008   Zero   RW         2908    .bss.HciCmdEventQueue  hci_tl.o
    0x20000138        -       0x00000008   Zero   RW         2235    .bss.LocalFreeBufQueue  tl_mbox.o
    0x20000140        -       0x00000002   Zero   RW          275    .bss.MaxWakeupTimerSetup  hw_timerserver.o
    0x20000142   0x08005d11   0x00000002   PAD
    0x20000144        -       0x00000004   Zero   RW         3033    .bss.OffModeDisable  stm32_lpm.o
    0x20000148        -       0x00000001   Zero   RW          462    .bss.P2P_Server_App_Context.0  p2p_server_app.o
    0x20000149        -       0x00000001   Zero   RW          277    .bss.PreviousRunningTimerID  hw_timerserver.o
    0x2000014a   0x08005d11   0x00000002   PAD
    0x2000014c        -       0x00000004   Zero   RW          276    .bss.SSRValueOnLastSetup  hw_timerserver.o
    0x20000150        -       0x00000004   Zero   RW         2232    .bss.SYS_CMD_IoBusCallBackFunction  tl_mbox.o
    0x20000154        -       0x00000004   Zero   RW         2233    .bss.SYS_EVT_IoBusCallBackFunction  tl_mbox.o
    0x20000158        -       0x00000004   Zero   RW         2904    .bss.StatusNotCallBackFunction  hci_tl.o
    0x2000015c        -       0x00000004   Zero   RW         2945    .bss.StatusNotCallBackFunction  shci_tl.o
    0x20000160        -       0x00000004   Zero   RW         3032    .bss.StopModeDisable  stm32_lpm.o
    0x20000164        -       0x00000002   Zero   RW          274    .bss.SynchPrescalerUserConfig  hw_timerserver.o
    0x20000166   0x08005d11   0x00000002   PAD
    0x20000168        -       0x00000004   Zero   RW         2234    .bss.TL_MM_Init.p_mem_manager_table  tl_mbox.o
    0x2000016c        -       0x00000080   Zero   RW         3084    .bss.TaskCb         stm32_seq.o
    0x200001ec        -       0x00000010   Zero   RW         3085    .bss.TaskPrio       stm32_seq.o
    0x200001fc        -       0x00000004   Zero   RW         3078    .bss.TaskSet        stm32_seq.o
    0x20000200        -       0x00000001   Zero   RW          272    .bss.WakeupTimerDivider  hw_timerserver.o
    0x20000201        -       0x00000001   Zero   RW          271    .bss.WakeupTimerLimitation  hw_timerserver.o
    0x20000202   0x08005d11   0x00000002   PAD
    0x20000204        -       0x00000090   Zero   RW          270    .bss.aTimerContext  hw_timerserver.o
    0x20000294        -       0x00000006   Zero   RW          440    .bss.a_BdAddrUdn    app_ble.o
    0x2000029a   0x08005d11   0x00000002   PAD
    0x2000029c        -       0x00000064   Zero   RW           51    .bss.hadc1          adc.o
    0x20000300        -       0x00000020   Zero   RW         2905    .bss.hciContext     hci_tl.o
    0x20000320        -       0x00000060   Zero   RW           52    .bss.hdma_adc1      adc.o
    0x20000380        -       0x0000003c   Zero   RW           83    .bss.hipcc          ipcc.o
    0x200003bc        -       0x00000024   Zero   RW          115    .bss.hrtc           rtc.o
    0x200003e0        -       0x00000064   Zero   RW          136    .bss.hspi1          spi.o
    0x20000444        -       0x00000020   Zero   RW         2946    .bss.shciContext    shci_tl.o
    0x20000464        -       0x00000004   Zero   RW         1828    .bss.uwTick         stm32wbxx_hal.o
    0x20000468        -       0x00000400   Zero   RW            1    STACK               startup_stm32wb55xx_cm4.o


    Execution Region RW_RAM_SHARED (Exec base: 0x20030000, Load base: 0x08005d18, Size: 0x00000a68, Max: 0x00002800, ABSOLUTE, COMPRESSED[0x00000018])

    Exec Addr    Load Addr    Size         Type   Attr      Idx    E Section Name        Object

    0x20030000   COMPRESSED   0x00000028   Data   RW         2228    MAPPING_TABLE       tl_mbox.o
    0x20030028   COMPRESSED   0x0000010b   Data   RW          437    MB_MEM1             app_ble.o
    0x20030133   COMPRESSED   0x00000001   PAD
    0x20030134   COMPRESSED   0x000000b0   Data   RW         2227    MB_MEM1             tl_mbox.o
    0x200301e4   COMPRESSED   0x00000860   Data   RW          205    MB_MEM2             app_entry.o
    0x20030a44   COMPRESSED   0x00000012   Data   RW          223    MB_MEM2             app_debug.o
    0x20030a56   COMPRESSED   0x00000002   PAD
    0x20030a58   COMPRESSED   0x0000000f   Data   RW         2229    MB_MEM2             tl_mbox.o


==============================================================================

Image component sizes


      Code (inc. data)   RO Data    RW Data    ZI Data      Debug   Object Name

       508          0          0          0        196       9451   adc.o
      1174          8        104        281        144      11790   app_ble.o
        60          0        331         18          0       4764   app_debug.o
       606          0          0       2144          0      14037   app_entry.o
       706          0          0          0          0      37871   ble_gap_aci.o
       652          0          0          0          0      33537   ble_gatt_aci.o
       248          0          0          0          0       9302   ble_hal_aci.o
       262          0          0          0          0      44013   ble_hci_le.o
        58          0          0          0          0       3879   dma.o
       300          0          0          0          0       4659   gpio.o
       600          0          0         16         45       5778   hci_tl.o
        22          0          0          0          0        990   hci_tl_if.o
       686          0          0          0          4       9308   hw_ipcc.o
      1904          0          0          0        157      12075   hw_timerserver.o
       120          0          0          0         60       5237   ipcc.o
       298          0          0          0          0       5029   main.o
        30          0          0          0          0       1292   osal.o
        40          0          0          0          0        695   otp.o
       166          0          0         10          1       2921   p2p_server_app.o
       378          0          0          6          0       3790   p2p_stm.o
         2          0          0          0          0        322   rf.o
       208          0          0          0         36       6933   rtc.o
       242          0          0          0          0      17589   shci.o
       474          0          0         17         37       4807   shci_tl.o
        22          0          0          0          0        995   shci_tl_if.o
       258          0          0          0        100       8034   spi.o
        36          8        316          0       1024        812   startup_stm32wb55xx_cm4.o
       264          0          0          0          8       2687   stm32_lpm.o
       448          0         24          0          0       6815   stm32_lpm_if.o
       710          0         16          8        160       6691   stm32_seq.o
       214          0          0          5          4      14969   stm32wbxx_hal.o
      2006          0          0          0          0      21647   stm32wbxx_hal_adc.o
        10          0          0          0          0      17046   stm32wbxx_hal_adc_ex.o
       386          0          0          0          0      10232   stm32wbxx_hal_cortex.o
       620          0          0          0          0       8433   stm32wbxx_hal_dma.o
       436          0          0          0          0       5003   stm32wbxx_hal_gpio.o
        28          0          0          0          0       3199   stm32wbxx_hal_hsem.o
       122          0          0          0          0       6742   stm32wbxx_hal_ipcc.o
        54          0          0          0          0       3864   stm32wbxx_hal_msp.o
        18          0          0          0          0       5608   stm32wbxx_hal_pwr.o
        16          0          0          0          0      14856   stm32wbxx_hal_pwr_ex.o
      3020         28         16          0          0      17997   stm32wbxx_hal_rcc.o
      1218          0          0          0          0      24858   stm32wbxx_hal_rcc_ex.o
       318          0          0          0          0      11375   stm32wbxx_hal_rtc.o
       214          0          0          0          0      14233   stm32wbxx_hal_rtc_ex.o
       500          0          0          0          0      23376   stm32wbxx_hal_spi.o
       116          0          0          0          0       2537   stm32wbxx_it.o
       142          0          0          0          0       4060   stm_list.o
       250          0          0         33          0       4108   svc_ctl.o
       104          0        128          4          0       3485   system_stm32wbxx.o
       762          0          0        231         28       8115   tl_mbox.o

    ----------------------------------------------------------------------
     22494         44        988       2788       2020     501846   Object Totals
         0          0         48          0          0          0   (incl. Generated)
       458          0          5         15         16          0   (incl. Padding)

    ----------------------------------------------------------------------

      Code (inc. data)   RO Data    RW Data    ZI Data      Debug   Library Member Name

        58          0          0          0          0          0   __dczerorl.o
         0          0          0          0          0          0   entry.o
         0          0          0          0          0          0   entry10a.o
         0          0          0          0          0          0   entry11a.o
         8          4          0          0          0          0   entry2.o
         4          0          0          0          0          0   entry5.o
         0          0          0          0          0          0   entry7b.o
         0          0          0          0          0          0   entry8b.o
         8          4          0          0          0          0   entry9a.o
        30          0          0          0          0          0   handlers.o
        36          8          0          0          0         68   init.o
        36          0          0          0          0         68   memcpya.o
        36          0          0          0          0        108   memseta.o

    ----------------------------------------------------------------------
       218         16          0          0          0        244   Library Totals
         2          0          0          0          0          0   (incl. Padding)

    ----------------------------------------------------------------------

      Code (inc. data)   RO Data    RW Data    ZI Data      Debug   Library Name

       216         16          0          0          0        244   mc_w.l

    ----------------------------------------------------------------------
       218         16          0          0          0        244   Library Totals

    ----------------------------------------------------------------------

==============================================================================


      Code (inc. data)   RO Data    RW Data    ZI Data      Debug   

     22712         60        988       2788       2020     501342   Grand Totals
     22712         60        988        148       2020     501342   ELF Image Totals (compressed)
     22712         60        988        148          0          0   ROM Totals

==============================================================================

    Total RO  Size (Code + RO Data)                23700 (  23.14kB)
    Total RW  Size (RW Data + ZI Data)              4808 (   4.70kB)
    Total ROM Size (Code + RO Data + RW Data)      23848 (  23.29kB)

==============================================================================

